Archive member included to satisfy reference by file (symbol)

C:/ST/STM32CubeIDE_1.13.1/STM32CubeIDE/plugins/com.st.stm32cube.ide.mcu.externaltools.gnu-tools-for-stm32.11.3.rel1.win32_1.1.100.202309141235/tools/bin/../lib/gcc/arm-none-eabi/11.3.1/../../../../arm-none-eabi/lib/thumb/v6-m/nofp\libc_nano.a(libc_a-exit.o)
                              C:/ST/STM32CubeIDE_1.13.1/STM32CubeIDE/plugins/com.st.stm32cube.ide.mcu.externaltools.gnu-tools-for-stm32.11.3.rel1.win32_1.1.100.202309141235/tools/bin/../lib/gcc/arm-none-eabi/11.3.1/../../../../arm-none-eabi/lib/thumb/v6-m/nofp/crt0.o (exit)
C:/ST/STM32CubeIDE_1.13.1/STM32CubeIDE/plugins/com.st.stm32cube.ide.mcu.externaltools.gnu-tools-for-stm32.11.3.rel1.win32_1.1.100.202309141235/tools/bin/../lib/gcc/arm-none-eabi/11.3.1/../../../../arm-none-eabi/lib/thumb/v6-m/nofp\libc_nano.a(libc_a-findfp.o)
                              C:/ST/STM32CubeIDE_1.13.1/STM32CubeIDE/plugins/com.st.stm32cube.ide.mcu.externaltools.gnu-tools-for-stm32.11.3.rel1.win32_1.1.100.202309141235/tools/bin/../lib/gcc/arm-none-eabi/11.3.1/../../../../arm-none-eabi/lib/thumb/v6-m/nofp\libc_nano.a(libc_a-exit.o) (__stdio_exit_handler)
C:/ST/STM32CubeIDE_1.13.1/STM32CubeIDE/plugins/com.st.stm32cube.ide.mcu.externaltools.gnu-tools-for-stm32.11.3.rel1.win32_1.1.100.202309141235/tools/bin/../lib/gcc/arm-none-eabi/11.3.1/../../../../arm-none-eabi/lib/thumb/v6-m/nofp\libc_nano.a(libc_a-fwalk.o)
                              C:/ST/STM32CubeIDE_1.13.1/STM32CubeIDE/plugins/com.st.stm32cube.ide.mcu.externaltools.gnu-tools-for-stm32.11.3.rel1.win32_1.1.100.202309141235/tools/bin/../lib/gcc/arm-none-eabi/11.3.1/../../../../arm-none-eabi/lib/thumb/v6-m/nofp\libc_nano.a(libc_a-findfp.o) (_fwalk_sglue)
C:/ST/STM32CubeIDE_1.13.1/STM32CubeIDE/plugins/com.st.stm32cube.ide.mcu.externaltools.gnu-tools-for-stm32.11.3.rel1.win32_1.1.100.202309141235/tools/bin/../lib/gcc/arm-none-eabi/11.3.1/../../../../arm-none-eabi/lib/thumb/v6-m/nofp\libc_nano.a(libc_a-stdio.o)
                              C:/ST/STM32CubeIDE_1.13.1/STM32CubeIDE/plugins/com.st.stm32cube.ide.mcu.externaltools.gnu-tools-for-stm32.11.3.rel1.win32_1.1.100.202309141235/tools/bin/../lib/gcc/arm-none-eabi/11.3.1/../../../../arm-none-eabi/lib/thumb/v6-m/nofp\libc_nano.a(libc_a-findfp.o) (__sread)
C:/ST/STM32CubeIDE_1.13.1/STM32CubeIDE/plugins/com.st.stm32cube.ide.mcu.externaltools.gnu-tools-for-stm32.11.3.rel1.win32_1.1.100.202309141235/tools/bin/../lib/gcc/arm-none-eabi/11.3.1/../../../../arm-none-eabi/lib/thumb/v6-m/nofp\libc_nano.a(libc_a-memset.o)
                              C:/ST/STM32CubeIDE_1.13.1/STM32CubeIDE/plugins/com.st.stm32cube.ide.mcu.externaltools.gnu-tools-for-stm32.11.3.rel1.win32_1.1.100.202309141235/tools/bin/../lib/gcc/arm-none-eabi/11.3.1/../../../../arm-none-eabi/lib/thumb/v6-m/nofp/crt0.o (memset)
C:/ST/STM32CubeIDE_1.13.1/STM32CubeIDE/plugins/com.st.stm32cube.ide.mcu.externaltools.gnu-tools-for-stm32.11.3.rel1.win32_1.1.100.202309141235/tools/bin/../lib/gcc/arm-none-eabi/11.3.1/../../../../arm-none-eabi/lib/thumb/v6-m/nofp\libc_nano.a(libc_a-closer.o)
                              C:/ST/STM32CubeIDE_1.13.1/STM32CubeIDE/plugins/com.st.stm32cube.ide.mcu.externaltools.gnu-tools-for-stm32.11.3.rel1.win32_1.1.100.202309141235/tools/bin/../lib/gcc/arm-none-eabi/11.3.1/../../../../arm-none-eabi/lib/thumb/v6-m/nofp\libc_nano.a(libc_a-stdio.o) (_close_r)
C:/ST/STM32CubeIDE_1.13.1/STM32CubeIDE/plugins/com.st.stm32cube.ide.mcu.externaltools.gnu-tools-for-stm32.11.3.rel1.win32_1.1.100.202309141235/tools/bin/../lib/gcc/arm-none-eabi/11.3.1/../../../../arm-none-eabi/lib/thumb/v6-m/nofp\libc_nano.a(libc_a-reent.o)
                              C:/ST/STM32CubeIDE_1.13.1/STM32CubeIDE/plugins/com.st.stm32cube.ide.mcu.externaltools.gnu-tools-for-stm32.11.3.rel1.win32_1.1.100.202309141235/tools/bin/../lib/gcc/arm-none-eabi/11.3.1/../../../../arm-none-eabi/lib/thumb/v6-m/nofp\libc_nano.a(libc_a-closer.o) (errno)
C:/ST/STM32CubeIDE_1.13.1/STM32CubeIDE/plugins/com.st.stm32cube.ide.mcu.externaltools.gnu-tools-for-stm32.11.3.rel1.win32_1.1.100.202309141235/tools/bin/../lib/gcc/arm-none-eabi/11.3.1/../../../../arm-none-eabi/lib/thumb/v6-m/nofp\libc_nano.a(libc_a-impure.o)
                              C:/ST/STM32CubeIDE_1.13.1/STM32CubeIDE/plugins/com.st.stm32cube.ide.mcu.externaltools.gnu-tools-for-stm32.11.3.rel1.win32_1.1.100.202309141235/tools/bin/../lib/gcc/arm-none-eabi/11.3.1/../../../../arm-none-eabi/lib/thumb/v6-m/nofp\libc_nano.a(libc_a-reent.o) (_impure_ptr)
C:/ST/STM32CubeIDE_1.13.1/STM32CubeIDE/plugins/com.st.stm32cube.ide.mcu.externaltools.gnu-tools-for-stm32.11.3.rel1.win32_1.1.100.202309141235/tools/bin/../lib/gcc/arm-none-eabi/11.3.1/../../../../arm-none-eabi/lib/thumb/v6-m/nofp\libc_nano.a(libc_a-lseekr.o)
[...]
Memory Configuration

Name             Origin             Length             Attributes
RAM              0x0000000020000000 0x0000000000024000 xrw
FLASH            0x0000000008000000 0x0000000000020000 xr
*default*        0x0000000000000000 0xffffffffffffffff

Linker script and memory map

LOAD C:/ST/STM32CubeIDE_1.13.1/STM32CubeIDE/plugins/com.st.stm32cube.ide.mcu.externaltools.gnu-tools-for-stm32.11.3.rel1.win32_1.1.100.202309141235/tools/bin/../lib/gcc/arm-none-eabi/11.3.1/thumb/v6-m/nofp/crti.o
LOAD C:/ST/STM32CubeIDE_1.13.1/STM32CubeIDE/plugins/com.st.stm32cube.ide.mcu.externaltools.gnu-tools-for-stm32.11.3.rel1.win32_1.1.100.202309141235/tools/bin/../lib/gcc/arm-none-eabi/11.3.1/thumb/v6-m/nofp/crtbegin.o
LOAD C:/ST/STM32CubeIDE_1.13.1/STM32CubeIDE/plugins/com.st.stm32cube.ide.mcu.externaltools.gnu-tools-for-stm32.11.3.rel1.win32_1.1.100.202309141235/tools/bin/../lib/gcc/arm-none-eabi/11.3.1/../../../../arm-none-eabi/lib/thumb/v6-m/nofp/crt0.o
LOAD ./Core/Src/dma.o
LOAD ./Core/Src/fdcan.o
LOAD ./Core/Src/gpio.o
LOAD ./Core/Src/i2c.o
LOAD ./Core/Src/main.o
LOAD ./Core/Src/spi.o
LOAD ./Core/Src/stm32g0xx_hal_msp.o
LOAD ./Core/Src/stm32g0xx_it.o
LOAD ./Core/Src/syscalls.o
LOAD ./Core/Src/sysmem.o
LOAD ./Core/Src/system_stm32g0xx.o
LOAD ./Core/Src/tim.o
LOAD ./Core/Src/usart.o
LOAD ./Core/Startup/startup_stm32g0b1cbtx.o
LOAD ./Drivers/STM32G0xx_HAL_Driver/Src/stm32g0xx_hal.o
LOAD ./Drivers/STM32G0xx_HAL_Driver/Src/stm32g0xx_hal_cortex.o
LOAD ./Drivers/STM32G0xx_HAL_Driver/Src/stm32g0xx_hal_dma.o
LOAD ./Drivers/STM32G0xx_HAL_Driver/Src/stm32g0xx_hal_dma_ex.o
LOAD ./Drivers/STM32G0xx_HAL_Driver/Src/stm32g0xx_hal_exti.o
LOAD ./Drivers/STM32G0xx_HAL_Driver/Src/stm32g0xx_hal_fdcan.o
LOAD ./Drivers/STM32G0xx_HAL_Driver/Src/stm32g0xx_hal_flash.o
LOAD ./Drivers/STM32G0xx_HAL_Driver/Src/stm32g0xx_hal_flash_ex.o
LOAD ./Drivers/STM32G0xx_HAL_Driver/Src/stm32g0xx_hal_gpio.o
LOAD ./Drivers/STM32G0xx_HAL_Driver/Src/stm32g0xx_hal_i2c.o
LOAD ./Drivers/STM32G0xx_HAL_Driver/Src/stm32g0xx_hal_i2c_ex.o
LOAD ./Drivers/STM32G0xx_HAL_Driver/Src/stm32g0xx_hal_pcd.o
LOAD ./Drivers/STM32G0xx_HAL_Driver/Src/stm32g0xx_hal_pcd_ex.o
LOAD ./Drivers/STM32G0xx_HAL_Driver/Src/stm32g0xx_hal_pwr.o
LOAD ./Drivers/STM32G0xx_HAL_Driver/Src/stm32g0xx_hal_pwr_ex.o
LOAD ./Drivers/STM32G0xx_HAL_Driver/Src/stm32g0xx_hal_rcc.o
LOAD ./Drivers/STM32G0xx_HAL_Driver/Src/stm32g0xx_hal_rcc_ex.o
LOAD ./Drivers/STM32G0xx_HAL_Driver/Src/stm32g0xx_hal_spi.o
LOAD ./Drivers/STM32G0xx_HAL_Driver/Src/stm32g0xx_hal_spi_ex.o
LOAD ./Drivers/STM32G0xx_HAL_Driver/Src/stm32g0xx_hal_tim.o
LOAD ./Drivers/STM32G0xx_HAL_Driver/Src/stm32g0xx_hal_tim_ex.o
LOAD ./Drivers/STM32G0xx_HAL_Driver/Src/stm32g0xx_hal_uart.o
LOAD ./Drivers/STM32G0xx_HAL_Driver/Src/stm32g0xx_hal_uart_ex.o
LOAD ./Drivers/STM32G0xx_HAL_Driver/Src/stm32g0xx_ll_dma.o
LOAD ./Drivers/STM32G0xx_HAL_Driver/Src/stm32g0xx_ll_rcc.o
LOAD ./Drivers/STM32G0xx_HAL_Driver/Src/stm32g0xx_ll_usb.o
LOAD ./Middlewares/ST/STM32_USB_Device_Library/Class/DFU/Src/usbd_dfu.o
LOAD ./Middlewares/ST/STM32_USB_Device_Library/Core/Src/usbd_core.o
LOAD ./Middlewares/ST/STM32_USB_Device_Library/Core/Src/usbd_ctlreq.o
LOAD ./Middlewares/ST/STM32_USB_Device_Library/Core/Src/usbd_ioreq.o
LOAD ./USB_Device/App/usb_device.o
LOAD ./USB_Device/App/usbd_desc.o
LOAD ./USB_Device/App/usbd_dfu_flash.o
LOAD ./USB_Device/Target/usbd_conf.o
LOAD ./User/src/process.o
START GROUP
LOAD C:/ST/STM32CubeIDE_1.13.1/STM32CubeIDE/plugins/com.st.stm32cube.ide.mcu.externaltools.gnu-tools-for-stm32.11.3.rel1.win32_1.1.100.202309141235/tools/bin/../lib/gcc/arm-none-eabi/11.3.1/../../../../arm-none-eabi/lib/thumb/v6-m/nofp\libc_nano.a
LOAD C:/ST/STM32CubeIDE_1.13.1/STM32CubeIDE/plugins/com.st.stm32cube.ide.mcu.externaltools.gnu-tools-for-stm32.11.3.rel1.win32_1.1.100.202309141235/tools/bin/../lib/gcc/arm-none-eabi/11.3.1/../../../../arm-none-eabi/lib/thumb/v6-m/nofp\libm.a
END GROUP
START GROUP
LOAD C:/ST/STM32CubeIDE_1.13.1/STM32CubeIDE/plugins/com.st.stm32cube.ide.mcu.externaltools.gnu-tools-for-stm32.11.3.rel1.win32_1.1.100.202309141235/tools/bin/../lib/gcc/arm-none-eabi/11.3.1/thumb/v6-m/nofp\libgcc.a
LOAD C:/ST/STM32CubeIDE_1.13.1/STM32CubeIDE/plugins/com.st.stm32cube.ide.mcu.externaltools.gnu-tools-for-stm32.11.3.rel1.win32_1.1.100.202309141235/tools/bin/../lib/gcc/arm-none-eabi/11.3.1/../../../../arm-none-eabi/lib/thumb/v6-m/nofp\libc_nano.a
END GROUP
START GROUP
LOAD C:/ST/STM32CubeIDE_1.13.1/STM32CubeIDE/plugins/com.st.stm32cube.ide.mcu.externaltools.gnu-tools-for-stm32.11.3.rel1.win32_1.1.100.202309141235/tools/bin/../lib/gcc/arm-none-eabi/11.3.1/thumb/v6-m/nofp\libgcc.a
LOAD C:/ST/STM32CubeIDE_1.13.1/STM32CubeIDE/plugins/com.st.stm32cube.ide.mcu.externaltools.gnu-tools-for-stm32.11.3.rel1.win32_1.1.100.202309141235/tools/bin/../lib/gcc/arm-none-eabi/11.3.1/../../../../arm-none-eabi/lib/thumb/v6-m/nofp\libc_nano.a
LOAD C:/ST/STM32CubeIDE_1.13.1/STM32CubeIDE/plugins/com.st.stm32cube.ide.mcu.externaltools.gnu-tools-for-stm32.11.3.rel1.win32_1.1.100.202309141235/tools/bin/../lib/gcc/arm-none-eabi/11.3.1/../../../../arm-none-eabi/lib/thumb/v6-m/nofp\libnosys.a
END GROUP
START GROUP
LOAD C:/ST/STM32CubeIDE_1.13.1/STM32CubeIDE/plugins/com.st.stm32cube.ide.mcu.externaltools.gnu-tools-for-stm32.11.3.rel1.win32_1.1.100.202309141235/tools/bin/../lib/gcc/arm-none-eabi/11.3.1/thumb/v6-m/nofp\libgcc.a
LOAD C:/ST/STM32CubeIDE_1.13.1/STM32CubeIDE/plugins/com.st.stm32cube.ide.mcu.externaltools.gnu-tools-for-stm32.11.3.rel1.win32_1.1.100.202309141235/tools/bin/../lib/gcc/arm-none-eabi/11.3.1/../../../../arm-none-eabi/lib/thumb/v6-m/nofp\libc_nano.a
LOAD C:/ST/STM32CubeIDE_1.13.1/STM32CubeIDE/plugins/com.st.stm32cube.ide.mcu.externaltools.gnu-tools-for-stm32.11.3.rel1.win32_1.1.100.202309141235/tools/bin/../lib/gcc/arm-none-eabi/11.3.1/../../../../arm-none-eabi/lib/thumb/v6-m/nofp\libnosys.a
END GROUP
LOAD C:/ST/STM32CubeIDE_1.13.1/STM32CubeIDE/plugins/com.st.stm32cube.ide.mcu.externaltools.gnu-tools-for-stm32.11.3.rel1.win32_1.1.100.202309141235/tools/bin/../lib/gcc/arm-none-eabi/11.3.1/thumb/v6-m/nofp/crtend.o
LOAD C:/ST/STM32CubeIDE_1.13.1/STM32CubeIDE/plugins/com.st.stm32cube.ide.mcu.externaltools.gnu-tools-for-stm32.11.3.rel1.win32_1.1.100.202309141235/tools/bin/../lib/gcc/arm-none-eabi/11.3.1/thumb/v6-m/nofp/crtn.o
                0x0000000020024000                _estack = (ORIGIN (RAM) + LENGTH (RAM))
                0x0000000000002000                _Min_Heap_Size = 0x2000
                0x0000000000004000                _Min_Stack_Size = 0x4000

.isr_vector     0x0000000008000000       0xbc
                0x0000000008000000                . = ALIGN (0x4)
 *(.isr_vector)
 .isr_vector    0x0000000008000000       0xbc ./Core/Startup/startup_stm32g0b1cbtx.o
                0x0000000008000000                g_pfnVectors
                0x00000000080000bc                . = ALIGN (0x4)

.text           0x00000000080000bc     0x5ed0
                0x00000000080000bc                . = ALIGN (0x4)
 *(.text)
 .text          0x00000000080000bc       0x48 C:/ST/STM32CubeIDE_1.13.1/STM32CubeIDE/plugins/com.st.stm32cube.ide.mcu.externaltools.gnu-tools-for-stm32.11.3.rel1.win32_1.1.100.202309141235/tools/bin/../lib/gcc/arm-none-eabi/11.3.1/thumb/v6-m/nofp/crtbegin.o
 .text          0x0000000008000104      0x114 C:/ST/STM32CubeIDE_1.13.1/STM32CubeIDE/plugins/com.st.stm32cube.ide.mcu.externaltools.gnu-tools-for-stm32.11.3.rel1.win32_1.1.100.202309141235/tools/bin/../lib/gcc/arm-none-eabi/11.3.1/thumb/v6-m/nofp\libgcc.a(_udivsi3.o)
                0x0000000008000104                __aeabi_uidiv
                0x0000000008000104                __udivsi3
                0x0000000008000210                __aeabi_uidivmod
 .text          0x0000000008000218      0x1d4 C:/ST/STM32CubeIDE_1.13.1/STM32CubeIDE/plugins/com.st.stm32cube.ide.mcu.externaltools.gnu-tools-for-stm32.11.3.rel1.win32_1.1.100.202309141235/tools/bin/../lib/gcc/arm-none-eabi/11.3.1/thumb/v6-m/nofp\libgcc.a(_divsi3.o)
                0x0000000008000218                __divsi3
                0x0000000008000218                __aeabi_idiv
                0x00000000080003e4                __aeabi_idivmod
 .text          0x00000000080003ec        0x4 C:/ST/STM32CubeIDE_1.13.1/STM32CubeIDE/plugins/com.st.stm32cube.ide.mcu.externaltools.gnu-tools-for-stm32.11.3.rel1.win32_1.1.100.202309141235/tools/bin/../lib/gcc/arm-none-eabi/11.3.1/thumb/v6-m/nofp\libgcc.a(_dvmd_tls.o)
                0x00000000080003ec                __aeabi_idiv0
                0x00000000080003ec                __aeabi_ldiv0
 .text          0x00000000080003f0       0x40 C:/ST/STM32CubeIDE_1.13.1/STM32CubeIDE/plugins/com.st.stm32cube.ide.mcu.externaltools.gnu-tools-for-stm32.11.3.rel1.win32_1.1.100.202309141235/tools/bin/../lib/gcc/arm-none-eabi/11.3.1/thumb/v6-m/nofp\libgcc.a(_aeabi_uldivmod.o)
                0x00000000080003f0                __aeabi_uldivmod
 .text          0x0000000008000430      0x198 C:/ST/STM32CubeIDE_1.13.1/STM32CubeIDE/plugins/com.st.stm32cube.ide.mcu.externaltools.gnu-tools-for-stm32.11.3.rel1.win32_1.1.100.202309141235/tools/bin/../lib/gcc/arm-none-eabi/11.3.1/thumb/v6-m/nofp\libgcc.a(_udivmoddi4.o)
                0x0000000008000430                __udivmoddi4
 .text          0x00000000080005c8       0x18 C:/ST/STM32CubeIDE_1.13.1/STM32CubeIDE/plugins/com.st.stm32cube.ide.mcu.externaltools.gnu-tools-for-stm32.11.3.rel1.win32_1.1.100.202309141235/tools/bin/../lib/gcc/arm-none-eabi/11.3.1/thumb/v6-m/nofp\libgcc.a(_clzdi2.o)
                0x00000000080005c8                __clzdi2
 .text          0x00000000080005e0       0x3c C:/ST/STM32CubeIDE_1.13.1/STM32CubeIDE/plugins/com.st.stm32cube.ide.mcu.externaltools.gnu-tools-for-stm32.11.3.rel1.win32_1.1.100.202309141235/tools/bin/../lib/gcc/arm-none-eabi/11.3.1/thumb/v6-m/nofp\libgcc.a(_clzsi2.o)
                0x00000000080005e0                __clzsi2
 *(.text*)
 .text.MX_DMA_Init
                0x000000000800061c       0x60 ./Core/Src/dma.o
                0x000000000800061c                MX_DMA_Init
 .text.MX_FDCAN1_Init
                0x000000000800067c       0x4c ./Core/Src/fdcan.o
                0x000000000800067c                MX_FDCAN1_Init
 .text.MX_FDCAN2_Init
                0x00000000080006c8       0x4c ./Core/Src/fdcan.o
                0x00000000080006c8                MX_FDCAN2_Init
 .text.HAL_FDCAN_MspInit
                0x0000000008000714      0x14c ./Core/Src/fdcan.o
                0x0000000008000714                HAL_FDCAN_MspInit
 .text.MX_GPIO_Init
                0x0000000008000860      0x12c ./Core/Src/gpio.o
                0x0000000008000860                MX_GPIO_Init
 .text.MX_I2C2_Init
                0x000000000800098c       0x60 ./Core/Src/i2c.o
                0x000000000800098c                MX_I2C2_Init
 .text.HAL_I2C_MspInit
                0x00000000080009ec       0x98 ./Core/Src/i2c.o
                0x00000000080009ec                HAL_I2C_MspInit
 .text.Error_Handler
                0x0000000008000a84        0x4 ./Core/Src/main.o
                0x0000000008000a84                Error_Handler
 .text.SystemClock_Config
                0x0000000008000a88       0x82 ./Core/Src/main.o
                0x0000000008000a88                SystemClock_Config
 .text.main     0x0000000008000b0a       0x50 ./Core/Src/main.o
                0x0000000008000b0a                main
 *fill*         0x0000000008000b5a        0x2 
 .text.MX_SPI1_Init
                0x0000000008000b5c       0x50 ./Core/Src/spi.o
                0x0000000008000b5c                MX_SPI1_Init
 .text.HAL_SPI_MspInit
                0x0000000008000bac       0x6c ./Core/Src/spi.o
                0x0000000008000bac                HAL_SPI_MspInit
 .text.HAL_MspInit
                0x0000000008000c18       0x38 ./Core/Src/stm32g0xx_hal_msp.o
                0x0000000008000c18                HAL_MspInit
 .text.NMI_Handler
                0x0000000008000c50        0x2 ./Core/Src/stm32g0xx_it.o
                0x0000000008000c50                NMI_Handler
 .text.HardFault_Handler
                0x0000000008000c52        0x2 ./Core/Src/stm32g0xx_it.o
                0x0000000008000c52                HardFault_Handler
 .text.SVC_Handler
                0x0000000008000c54        0x2 ./Core/Src/stm32g0xx_it.o
                0x0000000008000c54                SVC_Handler
 .text.PendSV_Handler
                0x0000000008000c56        0x2 ./Core/Src/stm32g0xx_it.o
                0x0000000008000c56                PendSV_Handler
 .text.SysTick_Handler
                0x0000000008000c58        0x8 ./Core/Src/stm32g0xx_it.o
                0x0000000008000c58                SysTick_Handler
 .text.DMA1_Channel1_IRQHandler
                0x0000000008000c60       0x10 ./Core/Src/stm32g0xx_it.o
                0x0000000008000c60                DMA1_Channel1_IRQHandler
 .text.DMA1_Channel2_3_IRQHandler
                0x0000000008000c70       0x18 ./Core/Src/stm32g0xx_it.o
                0x0000000008000c70                DMA1_Channel2_3_IRQHandler
 .text.DMA1_Ch4_7_DMA2_Ch1_5_DMAMUX1_OVR_IRQHandler
                0x0000000008000c88       0x38 ./Core/Src/stm32g0xx_it.o
                0x0000000008000c88                DMA1_Ch4_7_DMA2_Ch1_5_DMAMUX1_OVR_IRQHandler
 .text.TIM14_IRQHandler
                0x0000000008000cc0       0x10 ./Core/Src/stm32g0xx_it.o
                0x0000000008000cc0                TIM14_IRQHandler
 .text.TIM15_IRQHandler
                0x0000000008000cd0       0x10 ./Core/Src/stm32g0xx_it.o
                0x0000000008000cd0                TIM15_IRQHandler
 .text.TIM16_FDCAN_IT0_IRQHandler
                0x0000000008000ce0       0x24 ./Core/Src/stm32g0xx_it.o
                0x0000000008000ce0                TIM16_FDCAN_IT0_IRQHandler
 .text.TIM17_FDCAN_IT1_IRQHandler
                0x0000000008000d04       0x24 ./Core/Src/stm32g0xx_it.o
                0x0000000008000d04                TIM17_FDCAN_IT1_IRQHandler
 .text.I2C2_3_IRQHandler
                0x0000000008000d28       0x24 ./Core/Src/stm32g0xx_it.o
                0x0000000008000d28                I2C2_3_IRQHandler
 .text.SPI1_IRQHandler
                0x0000000008000d4c       0x10 ./Core/Src/stm32g0xx_it.o
                0x0000000008000d4c                SPI1_IRQHandler
 .text.USART2_LPUART2_IRQHandler
                0x0000000008000d5c       0x10 ./Core/Src/stm32g0xx_it.o
                0x0000000008000d5c                USART2_LPUART2_IRQHandler
 .text.USART3_4_5_6_LPUART1_IRQHandler
                0x0000000008000d6c       0x24 ./Core/Src/stm32g0xx_it.o
                0x0000000008000d6c                USART3_4_5_6_LPUART1_IRQHandler
 .text.SystemInit
                0x0000000008000d90        0x2 ./Core/Src/system_stm32g0xx.o
                0x0000000008000d90                SystemInit
 *fill*         0x0000000008000d92        0x2 
 .text.MX_TIM14_Init
                0x0000000008000d94       0x34 ./Core/Src/tim.o
                0x0000000008000d94                MX_TIM14_Init
 .text.MX_TIM15_Init
                0x0000000008000dc8       0x80 ./Core/Src/tim.o
                0x0000000008000dc8                MX_TIM15_Init
 .text.MX_TIM16_Init
                0x0000000008000e48       0x38 ./Core/Src/tim.o
                0x0000000008000e48                MX_TIM16_Init
 .text.MX_TIM17_Init
                0x0000000008000e80       0x38 ./Core/Src/tim.o
                0x0000000008000e80                MX_TIM17_Init
 .text.HAL_TIM_Base_MspInit
                0x0000000008000eb8       0xf0 ./Core/Src/tim.o
                0x0000000008000eb8                HAL_TIM_Base_MspInit
 .text.MX_USART2_UART_Init
                0x0000000008000fa8       0x70 ./Core/Src/usart.o
                0x0000000008000fa8                MX_USART2_UART_Init
 .text.MX_USART3_UART_Init
                0x0000000008001018       0x70 ./Core/Src/usart.o
                0x0000000008001018                MX_USART3_UART_Init
 .text.MX_USART5_UART_Init
                0x0000000008001088       0x3c ./Core/Src/usart.o
                0x0000000008001088                MX_USART5_UART_Init
 .text.MX_USART6_UART_Init
                0x00000000080010c4       0x3c ./Core/Src/usart.o
                0x00000000080010c4                MX_USART6_UART_Init
 .text.HAL_UART_MspInit
                0x0000000008001100      0x37c ./Core/Src/usart.o
                0x0000000008001100                HAL_UART_MspInit
 .text.Reset_Handler
                0x000000000800147c       0x50 ./Core/Startup/startup_stm32g0b1cbtx.o
                0x000000000800147c                Reset_Handler
 .text.Default_Handler
                0x00000000080014cc        0x2 ./Core/Startup/startup_stm32g0b1cbtx.o
                0x00000000080014cc                TIM1_CC_IRQHandler
                0x00000000080014cc                ADC1_COMP_IRQHandler
                0x00000000080014cc                I2C1_IRQHandler
                0x00000000080014cc                TIM7_LPTIM2_IRQHandler
                0x00000000080014cc                RCC_CRS_IRQHandler
                0x00000000080014cc                RTC_TAMP_IRQHandler
                0x00000000080014cc                USB_UCPD1_2_IRQHandler
                0x00000000080014cc                EXTI2_3_IRQHandler
                0x00000000080014cc                PVD_VDDIO2_IRQHandler
                0x00000000080014cc                EXTI4_15_IRQHandler
                0x00000000080014cc                Default_Handler
                0x00000000080014cc                CEC_IRQHandler
                0x00000000080014cc                TIM3_TIM4_IRQHandler
                0x00000000080014cc                EXTI0_1_IRQHandler
                0x00000000080014cc                SPI2_3_IRQHandler
                0x00000000080014cc                TIM6_DAC_LPTIM1_IRQHandler
                0x00000000080014cc                WWDG_IRQHandler
                0x00000000080014cc                TIM2_IRQHandler
                0x00000000080014cc                FLASH_IRQHandler
                0x00000000080014cc                USART1_IRQHandler
                0x00000000080014cc                TIM1_BRK_UP_TRG_COM_IRQHandler
 *fill*         0x00000000080014ce        0x2 
 .text.HAL_InitTick
                0x00000000080014d0       0x58 ./Drivers/STM32G0xx_HAL_Driver/Src/stm32g0xx_hal.o
                0x00000000080014d0                HAL_InitTick
 .text.HAL_Init
                0x0000000008001528       0x28 ./Drivers/STM32G0xx_HAL_Driver/Src/stm32g0xx_hal.o
                0x0000000008001528                HAL_Init
 .text.HAL_IncTick
                0x0000000008001550       0x18 ./Drivers/STM32G0xx_HAL_Driver/Src/stm32g0xx_hal.o
                0x0000000008001550                HAL_IncTick
 .text.HAL_GetTick
                0x0000000008001568        0xc ./Drivers/STM32G0xx_HAL_Driver/Src/stm32g0xx_hal.o
                0x0000000008001568                HAL_GetTick
 .text.HAL_Delay
                0x0000000008001574       0x24 ./Drivers/STM32G0xx_HAL_Driver/Src/stm32g0xx_hal.o
                0x0000000008001574                HAL_Delay
 .text.HAL_SYSCFG_StrobeDBattpinsConfig
                0x0000000008001598       0x18 ./Drivers/STM32G0xx_HAL_Driver/Src/stm32g0xx_hal.o
                0x0000000008001598                HAL_SYSCFG_StrobeDBattpinsConfig
 .text.HAL_NVIC_SetPriority
                0x00000000080015b0       0x60 ./Drivers/STM32G0xx_HAL_Driver/Src/stm32g0xx_hal_cortex.o
                0x00000000080015b0                HAL_NVIC_SetPriority
 .text.HAL_NVIC_EnableIRQ
                0x0000000008001610       0x18 ./Drivers/STM32G0xx_HAL_Driver/Src/stm32g0xx_hal_cortex.o
                0x0000000008001610                HAL_NVIC_EnableIRQ
 .text.HAL_SYSTICK_Config
                0x0000000008001628       0x38 ./Drivers/STM32G0xx_HAL_Driver/Src/stm32g0xx_hal_cortex.o
                0x0000000008001628                HAL_SYSTICK_Config
 .text.DMA_CalcDMAMUXChannelBaseAndMask
                0x0000000008001660       0x68 ./Drivers/STM32G0xx_HAL_Driver/Src/stm32g0xx_hal_dma.o
 .text.DMA_CalcDMAMUXRequestGenBaseAndMask
                0x00000000080016c8       0x28 ./Drivers/STM32G0xx_HAL_Driver/Src/stm32g0xx_hal_dma.o
 .text.HAL_DMA_Init
                0x00000000080016f0       0xdc ./Drivers/STM32G0xx_HAL_Driver/Src/stm32g0xx_hal_dma.o
                0x00000000080016f0                HAL_DMA_Init
 .text.HAL_DMA_Abort
                0x00000000080017cc       0x78 ./Drivers/STM32G0xx_HAL_Driver/Src/stm32g0xx_hal_dma.o
                0x00000000080017cc                HAL_DMA_Abort
 .text.HAL_DMA_Abort_IT
                0x0000000008001844       0x74 ./Drivers/STM32G0xx_HAL_Driver/Src/stm32g0xx_hal_dma.o
                0x0000000008001844                HAL_DMA_Abort_IT
 .text.HAL_DMA_IRQHandler
                0x00000000080018b8       0xe0 ./Drivers/STM32G0xx_HAL_Driver/Src/stm32g0xx_hal_dma.o
                0x00000000080018b8                HAL_DMA_IRQHandler
 .text.HAL_DMA_GetState
                0x0000000008001998        0x8 ./Drivers/STM32G0xx_HAL_Driver/Src/stm32g0xx_hal_dma.o
                0x0000000008001998                HAL_DMA_GetState
 .text.FDCAN_CalcultateRamBlockAddresses
                0x00000000080019a0       0x7c ./Drivers/STM32G0xx_HAL_Driver/Src/stm32g0xx_hal_fdcan.o
 .text.HAL_FDCAN_Init
                0x0000000008001a1c      0x1e4 ./Drivers/STM32G0xx_HAL_Driver/Src/stm32g0xx_hal_fdcan.o
                0x0000000008001a1c                HAL_FDCAN_Init
 .text.HAL_FDCAN_TxEventFifoCallback
                0x0000000008001c00        0x2 ./Drivers/STM32G0xx_HAL_Driver/Src/stm32g0xx_hal_fdcan.o
                0x0000000008001c00                HAL_FDCAN_TxEventFifoCallback
 .text.HAL_FDCAN_RxFifo0Callback
                0x0000000008001c02        0x2 ./Drivers/STM32G0xx_HAL_Driver/Src/stm32g0xx_hal_fdcan.o
                0x0000000008001c02                HAL_FDCAN_RxFifo0Callback
 .text.HAL_FDCAN_RxFifo1Callback
                0x0000000008001c04        0x2 ./Drivers/STM32G0xx_HAL_Driver/Src/stm32g0xx_hal_fdcan.o
                0x0000000008001c04                HAL_FDCAN_RxFifo1Callback
 .text.HAL_FDCAN_TxFifoEmptyCallback
                0x0000000008001c06        0x2 ./Drivers/STM32G0xx_HAL_Driver/Src/stm32g0xx_hal_fdcan.o
                0x0000000008001c06                HAL_FDCAN_TxFifoEmptyCallback
 .text.HAL_FDCAN_TxBufferCompleteCallback
                0x0000000008001c08        0x2 ./Drivers/STM32G0xx_HAL_Driver/Src/stm32g0xx_hal_fdcan.o
                0x0000000008001c08                HAL_FDCAN_TxBufferCompleteCallback
 .text.HAL_FDCAN_TxBufferAbortCallback
                0x0000000008001c0a        0x2 ./Drivers/STM32G0xx_HAL_Driver/Src/stm32g0xx_hal_fdcan.o
                0x0000000008001c0a                HAL_FDCAN_TxBufferAbortCallback
 .text.HAL_FDCAN_TimestampWraparoundCallback
                0x0000000008001c0c        0x2 ./Drivers/STM32G0xx_HAL_Driver/Src/stm32g0xx_hal_fdcan.o
                0x0000000008001c0c                HAL_FDCAN_TimestampWraparoundCallback
 .text.HAL_FDCAN_TimeoutOccurredCallback
                0x0000000008001c0e        0x2 ./Drivers/STM32G0xx_HAL_Driver/Src/stm32g0xx_hal_fdcan.o
                0x0000000008001c0e                HAL_FDCAN_TimeoutOccurredCallback
 .text.HAL_FDCAN_HighPriorityMessageCallback
                0x0000000008001c10        0x2 ./Drivers/STM32G0xx_HAL_Driver/Src/stm32g0xx_hal_fdcan.o
                0x0000000008001c10                HAL_FDCAN_HighPriorityMessageCallback
 .text.HAL_FDCAN_ErrorCallback
                0x0000000008001c12        0x2 ./Drivers/STM32G0xx_HAL_Driver/Src/stm32g0xx_hal_fdcan.o
                0x0000000008001c12                HAL_FDCAN_ErrorCallback
 .text.HAL_FDCAN_ErrorStatusCallback
                0x0000000008001c14        0x2 ./Drivers/STM32G0xx_HAL_Driver/Src/stm32g0xx_hal_fdcan.o
                0x0000000008001c14                HAL_FDCAN_ErrorStatusCallback
 .text.HAL_FDCAN_IRQHandler
                0x0000000008001c16      0x188 ./Drivers/STM32G0xx_HAL_Driver/Src/stm32g0xx_hal_fdcan.o
                0x0000000008001c16                HAL_FDCAN_IRQHandler
 *fill*         0x0000000008001d9e        0x2 
 .text.HAL_GPIO_Init
                0x0000000008001da0      0x180 ./Drivers/STM32G0xx_HAL_Driver/Src/stm32g0xx_hal_gpio.o
                0x0000000008001da0                HAL_GPIO_Init
 .text.HAL_GPIO_WritePin
                0x0000000008001f20        0xc ./Drivers/STM32G0xx_HAL_Driver/Src/stm32g0xx_hal_gpio.o
                0x0000000008001f20                HAL_GPIO_WritePin
 .text.I2C_Flush_TXDR
                0x0000000008001f2c       0x1e ./Drivers/STM32G0xx_HAL_Driver/Src/stm32g0xx_hal_i2c.o
 .text.I2C_Disable_IRQ
                0x0000000008001f4a       0x6c ./Drivers/STM32G0xx_HAL_Driver/Src/stm32g0xx_hal_i2c.o
 *fill*         0x0000000008001fb6        0x2 
 .text.HAL_I2C_Init
                0x0000000008001fb8       0xcc ./Drivers/STM32G0xx_HAL_Driver/Src/stm32g0xx_hal_i2c.o
                0x0000000008001fb8                HAL_I2C_Init
 .text.HAL_I2C_EV_IRQHandler
                0x0000000008002084       0x12 ./Drivers/STM32G0xx_HAL_Driver/Src/stm32g0xx_hal_i2c.o
                0x0000000008002084                HAL_I2C_EV_IRQHandler
 .text.HAL_I2C_SlaveTxCpltCallback
                0x0000000008002096        0x2 ./Drivers/STM32G0xx_HAL_Driver/Src/stm32g0xx_hal_i2c.o
                0x0000000008002096                HAL_I2C_SlaveTxCpltCallback
 .text.HAL_I2C_SlaveRxCpltCallback
                0x0000000008002098        0x2 ./Drivers/STM32G0xx_HAL_Driver/Src/stm32g0xx_hal_i2c.o
                0x0000000008002098                HAL_I2C_SlaveRxCpltCallback
 *fill*         0x000000000800209a        0x2 
 .text.I2C_ITSlaveSeqCplt
                0x000000000800209c       0x84 ./Drivers/STM32G0xx_HAL_Driver/Src/stm32g0xx_hal_i2c.o
 .text.HAL_I2C_AddrCallback
                0x0000000008002120        0x2 ./Drivers/STM32G0xx_HAL_Driver/Src/stm32g0xx_hal_i2c.o
                0x0000000008002120                HAL_I2C_AddrCallback
 .text.I2C_ITAddrCplt
                0x0000000008002122       0xa6 ./Drivers/STM32G0xx_HAL_Driver/Src/stm32g0xx_hal_i2c.o
 .text.HAL_I2C_ListenCpltCallback
                0x00000000080021c8        0x2 ./Drivers/STM32G0xx_HAL_Driver/Src/stm32g0xx_hal_i2c.o
                0x00000000080021c8                HAL_I2C_ListenCpltCallback
 *fill*         0x00000000080021ca        0x2 
 .text.I2C_ITListenCplt
                0x00000000080021cc       0x68 ./Drivers/STM32G0xx_HAL_Driver/Src/stm32g0xx_hal_i2c.o
 .text.HAL_I2C_ErrorCallback
                0x0000000008002234        0x2 ./Drivers/STM32G0xx_HAL_Driver/Src/stm32g0xx_hal_i2c.o
                0x0000000008002234                HAL_I2C_ErrorCallback
 .text.HAL_I2C_AbortCpltCallback
                0x0000000008002236        0x2 ./Drivers/STM32G0xx_HAL_Driver/Src/stm32g0xx_hal_i2c.o
                0x0000000008002236                HAL_I2C_AbortCpltCallback
 .text.I2C_TreatErrorCallback
                0x0000000008002238       0x2c ./Drivers/STM32G0xx_HAL_Driver/Src/stm32g0xx_hal_i2c.o
 .text.I2C_ITError
                0x0000000008002264      0x110 ./Drivers/STM32G0xx_HAL_Driver/Src/stm32g0xx_hal_i2c.o
 .text.I2C_ITSlaveCplt
                0x0000000008002374      0x168 ./Drivers/STM32G0xx_HAL_Driver/Src/stm32g0xx_hal_i2c.o
 .text.I2C_Slave_ISR_IT
                0x00000000080024dc      0x148 ./Drivers/STM32G0xx_HAL_Driver/Src/stm32g0xx_hal_i2c.o
 .text.HAL_I2C_ER_IRQHandler
                0x0000000008002624       0x5e ./Drivers/STM32G0xx_HAL_Driver/Src/stm32g0xx_hal_i2c.o
                0x0000000008002624                HAL_I2C_ER_IRQHandler
 .text.I2C_DMAAbort
                0x0000000008002682       0x1e ./Drivers/STM32G0xx_HAL_Driver/Src/stm32g0xx_hal_i2c.o
 .text.HAL_I2CEx_ConfigAnalogFilter
                0x00000000080026a0       0x58 ./Drivers/STM32G0xx_HAL_Driver/Src/stm32g0xx_hal_i2c_ex.o
                0x00000000080026a0                HAL_I2CEx_ConfigAnalogFilter
 .text.HAL_I2CEx_ConfigDigitalFilter
                0x00000000080026f8       0x54 ./Drivers/STM32G0xx_HAL_Driver/Src/stm32g0xx_hal_i2c_ex.o
                0x00000000080026f8                HAL_I2CEx_ConfigDigitalFilter
 .text.HAL_PCD_Init
                0x000000000800274c       0xec ./Drivers/STM32G0xx_HAL_Driver/Src/stm32g0xx_hal_pcd.o
                0x000000000800274c                HAL_PCD_Init
 .text.HAL_PCD_Start
                0x0000000008002838       0x2e ./Drivers/STM32G0xx_HAL_Driver/Src/stm32g0xx_hal_pcd.o
                0x0000000008002838                HAL_PCD_Start
 .text.HAL_PCD_Stop
                0x0000000008002866       0x2e ./Drivers/STM32G0xx_HAL_Driver/Src/stm32g0xx_hal_pcd.o
                0x0000000008002866                HAL_PCD_Stop
 .text.HAL_PCD_EP_Receive
                0x0000000008002894       0x58 ./Drivers/STM32G0xx_HAL_Driver/Src/stm32g0xx_hal_pcd.o
                0x0000000008002894                HAL_PCD_EP_Receive
 .text.HAL_PCD_EP_Transmit
                0x00000000080028ec       0x4e ./Drivers/STM32G0xx_HAL_Driver/Src/stm32g0xx_hal_pcd.o
                0x00000000080028ec                HAL_PCD_EP_Transmit
 .text.HAL_PCD_EP_SetStall
                0x000000000800293a       0x7a ./Drivers/STM32G0xx_HAL_Driver/Src/stm32g0xx_hal_pcd.o
                0x000000000800293a                HAL_PCD_EP_SetStall
 .text.HAL_PCDEx_PMAConfig
                0x00000000080029b4       0x3e ./Drivers/STM32G0xx_HAL_Driver/Src/stm32g0xx_hal_pcd_ex.o
                0x00000000080029b4                HAL_PCDEx_PMAConfig
 .text.HAL_PCDEx_ActivateLPM
                0x00000000080029f2       0x24 ./Drivers/STM32G0xx_HAL_Driver/Src/stm32g0xx_hal_pcd_ex.o
                0x00000000080029f2                HAL_PCDEx_ActivateLPM
 *fill*         0x0000000008002a16        0x2 
 .text.HAL_PWREx_EnableVddUSB
                0x0000000008002a18       0x14 ./Drivers/STM32G0xx_HAL_Driver/Src/stm32g0xx_hal_pwr_ex.o
                0x0000000008002a18                HAL_PWREx_EnableVddUSB
 .text.HAL_PWREx_ControlVoltageScaling
                0x0000000008002a2c       0x54 ./Drivers/STM32G0xx_HAL_Driver/Src/stm32g0xx_hal_pwr_ex.o
                0x0000000008002a2c                HAL_PWREx_ControlVoltageScaling
 .text.HAL_RCC_OscConfig
                0x0000000008002a80      0x518 ./Drivers/STM32G0xx_HAL_Driver/Src/stm32g0xx_hal_rcc.o
                0x0000000008002a80                HAL_RCC_OscConfig
 .text.HAL_RCC_GetSysClockFreq
                0x0000000008002f98       0xb8 ./Drivers/STM32G0xx_HAL_Driver/Src/stm32g0xx_hal_rcc.o
                0x0000000008002f98                HAL_RCC_GetSysClockFreq
 .text.HAL_RCC_ClockConfig
                0x0000000008003050      0x18c ./Drivers/STM32G0xx_HAL_Driver/Src/stm32g0xx_hal_rcc.o
                0x0000000008003050                HAL_RCC_ClockConfig
 .text.HAL_RCC_GetHCLKFreq
                0x00000000080031dc        0xc ./Drivers/STM32G0xx_HAL_Driver/Src/stm32g0xx_hal_rcc.o
                0x00000000080031dc                HAL_RCC_GetHCLKFreq
 .text.HAL_RCC_GetPCLK1Freq
                0x00000000080031e8       0x28 ./Drivers/STM32G0xx_HAL_Driver/Src/stm32g0xx_hal_rcc.o
                0x00000000080031e8                HAL_RCC_GetPCLK1Freq
 .text.HAL_RCCEx_PeriphCLKConfig
                0x0000000008003210      0x2fc ./Drivers/STM32G0xx_HAL_Driver/Src/stm32g0xx_hal_rcc_ex.o
                0x0000000008003210                HAL_RCCEx_PeriphCLKConfig
 .text.HAL_SPI_Init
                0x000000000800350c      0x104 ./Drivers/STM32G0xx_HAL_Driver/Src/stm32g0xx_hal_spi.o
                0x000000000800350c                HAL_SPI_Init
 .text.HAL_SPI_ErrorCallback
                0x0000000008003610        0x2 ./Drivers/STM32G0xx_HAL_Driver/Src/stm32g0xx_hal_spi.o
                0x0000000008003610                HAL_SPI_ErrorCallback
 *fill*         0x0000000008003612        0x2 
 .text.HAL_SPI_IRQHandler
                0x0000000008003614      0x110 ./Drivers/STM32G0xx_HAL_Driver/Src/stm32g0xx_hal_spi.o
                0x0000000008003614                HAL_SPI_IRQHandler
 .text.SPI_DMAAbortOnError
                0x0000000008003724       0x12 ./Drivers/STM32G0xx_HAL_Driver/Src/stm32g0xx_hal_spi.o
 .text.TIM_TI1_ConfigInputStage
                0x0000000008003736       0x22 ./Drivers/STM32G0xx_HAL_Driver/Src/stm32g0xx_hal_tim.o
 .text.TIM_TI2_ConfigInputStage
                0x0000000008003758       0x28 ./Drivers/STM32G0xx_HAL_Driver/Src/stm32g0xx_hal_tim.o
 .text.TIM_ITRx_SetConfig
                0x0000000008003780       0x14 ./Drivers/STM32G0xx_HAL_Driver/Src/stm32g0xx_hal_tim.o
 .text.HAL_TIM_PeriodElapsedCallback
                0x0000000008003794        0x2 ./Drivers/STM32G0xx_HAL_Driver/Src/stm32g0xx_hal_tim.o
                0x0000000008003794                HAL_TIM_PeriodElapsedCallback
 .text.HAL_TIM_OC_DelayElapsedCallback
                0x0000000008003796        0x2 ./Drivers/STM32G0xx_HAL_Driver/Src/stm32g0xx_hal_tim.o
                0x0000000008003796                HAL_TIM_OC_DelayElapsedCallback
 .text.HAL_TIM_IC_CaptureCallback
                0x0000000008003798        0x2 ./Drivers/STM32G0xx_HAL_Driver/Src/stm32g0xx_hal_tim.o
                0x0000000008003798                HAL_TIM_IC_CaptureCallback
 .text.HAL_TIM_PWM_PulseFinishedCallback
                0x000000000800379a        0x2 ./Drivers/STM32G0xx_HAL_Driver/Src/stm32g0xx_hal_tim.o
                0x000000000800379a                HAL_TIM_PWM_PulseFinishedCallback
 .text.HAL_TIM_TriggerCallback
                0x000000000800379c        0x2 ./Drivers/STM32G0xx_HAL_Driver/Src/stm32g0xx_hal_tim.o
                0x000000000800379c                HAL_TIM_TriggerCallback
 *fill*         0x000000000800379e        0x2 
 .text.HAL_TIM_IRQHandler
                0x00000000080037a0      0x178 ./Drivers/STM32G0xx_HAL_Driver/Src/stm32g0xx_hal_tim.o
                0x00000000080037a0                HAL_TIM_IRQHandler
 .text.TIM_Base_SetConfig
                0x0000000008003918       0xb4 ./Drivers/STM32G0xx_HAL_Driver/Src/stm32g0xx_hal_tim.o
                0x0000000008003918                TIM_Base_SetConfig
 .text.HAL_TIM_Base_Init
                0x00000000080039cc       0x60 ./Drivers/STM32G0xx_HAL_Driver/Src/stm32g0xx_hal_tim.o
                0x00000000080039cc                HAL_TIM_Base_Init
 .text.TIM_ETR_SetConfig
                0x0000000008003a2c       0x18 ./Drivers/STM32G0xx_HAL_Driver/Src/stm32g0xx_hal_tim.o
                0x0000000008003a2c                TIM_ETR_SetConfig
 .text.HAL_TIM_ConfigClockSource
                0x0000000008003a44      0x108 ./Drivers/STM32G0xx_HAL_Driver/Src/stm32g0xx_hal_tim.o
                0x0000000008003a44                HAL_TIM_ConfigClockSource
 .text.HAL_TIMEx_MasterConfigSynchronization
                0x0000000008003b4c       0x8c ./Drivers/STM32G0xx_HAL_Driver/Src/stm32g0xx_hal_tim_ex.o
                0x0000000008003b4c                HAL_TIMEx_MasterConfigSynchronization
 .text.HAL_TIMEx_CommutCallback
                0x0000000008003bd8        0x2 ./Drivers/STM32G0xx_HAL_Driver/Src/stm32g0xx_hal_tim_ex.o
                0x0000000008003bd8                HAL_TIMEx_CommutCallback
 .text.HAL_TIMEx_BreakCallback
                0x0000000008003bda        0x2 ./Drivers/STM32G0xx_HAL_Driver/Src/stm32g0xx_hal_tim_ex.o
                0x0000000008003bda                HAL_TIMEx_BreakCallback
 .text.HAL_TIMEx_Break2Callback
                0x0000000008003bdc        0x2 ./Drivers/STM32G0xx_HAL_Driver/Src/stm32g0xx_hal_tim_ex.o
                0x0000000008003bdc                HAL_TIMEx_Break2Callback
 *fill*         0x0000000008003bde        0x2 
 .text.UART_EndRxTransfer
                0x0000000008003be0       0x64 ./Drivers/STM32G0xx_HAL_Driver/Src/stm32g0xx_hal_uart.o
 .text.HAL_UART_TxCpltCallback
                0x0000000008003c44        0x2 ./Drivers/STM32G0xx_HAL_Driver/Src/stm32g0xx_hal_uart.o
                0x0000000008003c44                HAL_UART_TxCpltCallback
 .text.UART_EndTransmit_IT
                0x0000000008003c46       0x2a ./Drivers/STM32G0xx_HAL_Driver/Src/stm32g0xx_hal_uart.o
 .text.HAL_UART_ErrorCallback
                0x0000000008003c70        0x2 ./Drivers/STM32G0xx_HAL_Driver/Src/stm32g0xx_hal_uart.o
                0x0000000008003c70                HAL_UART_ErrorCallback
 .text.UART_DMAAbortOnError
                0x0000000008003c72       0x14 ./Drivers/STM32G0xx_HAL_Driver/Src/stm32g0xx_hal_uart.o
 .text.HAL_UARTEx_RxEventCallback
                0x0000000008003c86        0x2 ./Drivers/STM32G0xx_HAL_Driver/Src/stm32g0xx_hal_uart.o
                0x0000000008003c86                HAL_UARTEx_RxEventCallback
 .text.HAL_UART_IRQHandler
                0x0000000008003c88      0x320 ./Drivers/STM32G0xx_HAL_Driver/Src/stm32g0xx_hal_uart.o
                0x0000000008003c88                HAL_UART_IRQHandler
 .text.UART_SetConfig
                0x0000000008003fa8      0x3b0 ./Drivers/STM32G0xx_HAL_Driver/Src/stm32g0xx_hal_uart.o
                0x0000000008003fa8                UART_SetConfig
 .text.UART_AdvFeatureConfig
                0x0000000008004358       0xe0 ./Drivers/STM32G0xx_HAL_Driver/Src/stm32g0xx_hal_uart.o
                0x0000000008004358                UART_AdvFeatureConfig
 .text.UART_WaitOnFlagUntilTimeout
                0x0000000008004438       0xe4 ./Drivers/STM32G0xx_HAL_Driver/Src/stm32g0xx_hal_uart.o
                0x0000000008004438                UART_WaitOnFlagUntilTimeout
 .text.UART_CheckIdleState
                0x000000000800451c       0x74 ./Drivers/STM32G0xx_HAL_Driver/Src/stm32g0xx_hal_uart.o
                0x000000000800451c                UART_CheckIdleState
 .text.HAL_UART_Init
                0x0000000008004590       0x70 ./Drivers/STM32G0xx_HAL_Driver/Src/stm32g0xx_hal_uart.o
                0x0000000008004590                HAL_UART_Init
 .text.UARTEx_SetNbDataToProcess
                0x0000000008004600       0x50 ./Drivers/STM32G0xx_HAL_Driver/Src/stm32g0xx_hal_uart_ex.o
 .text.HAL_UARTEx_WakeupCallback
                0x0000000008004650        0x2 ./Drivers/STM32G0xx_HAL_Driver/Src/stm32g0xx_hal_uart_ex.o
                0x0000000008004650                HAL_UARTEx_WakeupCallback
 .text.HAL_UARTEx_RxFifoFullCallback
                0x0000000008004652        0x2 ./Drivers/STM32G0xx_HAL_Driver/Src/stm32g0xx_hal_uart_ex.o
                0x0000000008004652                HAL_UARTEx_RxFifoFullCallback
 .text.HAL_UARTEx_TxFifoEmptyCallback
                0x0000000008004654        0x2 ./Drivers/STM32G0xx_HAL_Driver/Src/stm32g0xx_hal_uart_ex.o
                0x0000000008004654                HAL_UARTEx_TxFifoEmptyCallback
 *fill*         0x0000000008004656        0x2 
 .text.HAL_UARTEx_DisableFifoMode
                0x0000000008004658       0x40 ./Drivers/STM32G0xx_HAL_Driver/Src/stm32g0xx_hal_uart_ex.o
                0x0000000008004658                HAL_UARTEx_DisableFifoMode
 .text.HAL_UARTEx_SetTxFifoThreshold
                0x0000000008004698       0x4a ./Drivers/STM32G0xx_HAL_Driver/Src/stm32g0xx_hal_uart_ex.o
                0x0000000008004698                HAL_UARTEx_SetTxFifoThreshold
 *fill*         0x00000000080046e2        0x2 
 .text.HAL_UARTEx_SetRxFifoThreshold
                0x00000000080046e4       0x50 ./Drivers/STM32G0xx_HAL_Driver/Src/stm32g0xx_hal_uart_ex.o
                0x00000000080046e4                HAL_UARTEx_SetRxFifoThreshold
 .text.USB_EnableGlobalInt
                0x0000000008004734       0x10 ./Drivers/STM32G0xx_HAL_Driver/Src/stm32g0xx_ll_usb.o
                0x0000000008004734                USB_EnableGlobalInt
 .text.USB_DisableGlobalInt
                0x0000000008004744       0x10 ./Drivers/STM32G0xx_HAL_Driver/Src/stm32g0xx_ll_usb.o
                0x0000000008004744                USB_DisableGlobalInt
 .text.USB_SetCurrentMode
                0x0000000008004754       0x1c ./Drivers/STM32G0xx_HAL_Driver/Src/stm32g0xx_ll_usb.o
                0x0000000008004754                USB_SetCurrentMode
 .text.USB_DevInit
                0x0000000008004770       0x2a ./Drivers/STM32G0xx_HAL_Driver/Src/stm32g0xx_ll_usb.o
                0x0000000008004770                USB_DevInit
 *fill*         0x000000000800479a        0x2 
 .text.USB_EPSetStall
                0x000000000800479c       0x48 ./Drivers/STM32G0xx_HAL_Driver/Src/stm32g0xx_ll_usb.o
                0x000000000800479c                USB_EPSetStall
 .text.USB_DevConnect
                0x00000000080047e4        0xe ./Drivers/STM32G0xx_HAL_Driver/Src/stm32g0xx_ll_usb.o
                0x00000000080047e4                USB_DevConnect
 *fill*         0x00000000080047f2        0x2 
 .text.USB_DevDisconnect
                0x00000000080047f4       0x10 ./Drivers/STM32G0xx_HAL_Driver/Src/stm32g0xx_ll_usb.o
                0x00000000080047f4                USB_DevDisconnect
 .text.USB_WritePMA
                0x0000000008004804       0x5c ./Drivers/STM32G0xx_HAL_Driver/Src/stm32g0xx_ll_usb.o
                0x0000000008004804                USB_WritePMA
 .text.USB_EPStartXfer
                0x0000000008004860      0x8f4 ./Drivers/STM32G0xx_HAL_Driver/Src/stm32g0xx_ll_usb.o
                0x0000000008004860                USB_EPStartXfer
 .text.USBD_DFU_GetCfgDesc
                0x0000000008005154        0xc ./Middlewares/ST/STM32_USB_Device_Library/Class/DFU/Src/usbd_dfu.o
 .text.USBD_DFU_EP0_RxReady
                0x0000000008005160        0x4 ./Middlewares/ST/STM32_USB_Device_Library/Class/DFU/Src/usbd_dfu.o
 .text.USBD_DFU_SOF
                0x0000000008005164        0x4 ./Middlewares/ST/STM32_USB_Device_Library/Class/DFU/Src/usbd_dfu.o
 .text.USBD_DFU_GetDeviceQualifierDesc
                0x0000000008005168        0xc ./Middlewares/ST/STM32_USB_Device_Library/Class/DFU/Src/usbd_dfu.o
 .text.DFU_ClearStatus
                0x0000000008005174       0x7c ./Middlewares/ST/STM32_USB_Device_Library/Class/DFU/Src/usbd_dfu.o
 .text.DFU_Abort
                0x00000000080051f0       0x70 ./Middlewares/ST/STM32_USB_Device_Library/Class/DFU/Src/usbd_dfu.o
 .text.USBD_DFU_GetUsrStringDesc
                0x0000000008005260       0x2c ./Middlewares/ST/STM32_USB_Device_Library/Class/DFU/Src/usbd_dfu.o
 .text.USBD_DFU_GetDfuFuncDesc
                0x000000000800528c       0x44 ./Middlewares/ST/STM32_USB_Device_Library/Class/DFU/Src/usbd_dfu.o
 .text.DFU_Leave
                0x00000000080052d0       0x98 ./Middlewares/ST/STM32_USB_Device_Library/Class/DFU/Src/usbd_dfu.o
 .text.USBD_DFU_EP0_TxReady
                0x0000000008005368      0x124 ./Middlewares/ST/STM32_USB_Device_Library/Class/DFU/Src/usbd_dfu.o
 .text.DFU_Upload
                0x000000000800548c      0x120 ./Middlewares/ST/STM32_USB_Device_Library/Class/DFU/Src/usbd_dfu.o
 .text.DFU_GetStatus
                0x00000000080055ac      0x120 ./Middlewares/ST/STM32_USB_Device_Library/Class/DFU/Src/usbd_dfu.o
 .text.DFU_GetState
                0x00000000080056cc       0x22 ./Middlewares/ST/STM32_USB_Device_Library/Class/DFU/Src/usbd_dfu.o
 *fill*         0x00000000080056ee        0x2 
 .text.DFU_Download
                0x00000000080056f0       0xa4 ./Middlewares/ST/STM32_USB_Device_Library/Class/DFU/Src/usbd_dfu.o
 .text.DFU_Detach
                0x0000000008005794       0xa0 ./Middlewares/ST/STM32_USB_Device_Library/Class/DFU/Src/usbd_dfu.o
 .text.USBD_DFU_Setup
                0x0000000008005834      0x164 ./Middlewares/ST/STM32_USB_Device_Library/Class/DFU/Src/usbd_dfu.o
 .text.USBD_DFU_DeInit
                0x0000000008005998       0x6c ./Middlewares/ST/STM32_USB_Device_Library/Class/DFU/Src/usbd_dfu.o
 .text.USBD_DFU_Init
                0x0000000008005a04       0xa8 ./Middlewares/ST/STM32_USB_Device_Library/Class/DFU/Src/usbd_dfu.o
 .text.USBD_DFU_RegisterMedia
                0x0000000008005aac       0x1a ./Middlewares/ST/STM32_USB_Device_Library/Class/DFU/Src/usbd_dfu.o
                0x0000000008005aac                USBD_DFU_RegisterMedia
 .text.USBD_Init
                0x0000000008005ac6       0x34 ./Middlewares/ST/STM32_USB_Device_Library/Core/Src/usbd_core.o
                0x0000000008005ac6                USBD_Init
 .text.USBD_RegisterClass
                0x0000000008005afa       0x3c ./Middlewares/ST/STM32_USB_Device_Library/Core/Src/usbd_core.o
                0x0000000008005afa                USBD_RegisterClass
 .text.USBD_Start
                0x0000000008005b36        0x8 ./Middlewares/ST/STM32_USB_Device_Library/Core/Src/usbd_core.o
                0x0000000008005b36                USBD_Start
 .text.USBD_Stop
                0x0000000008005b3e       0x1e ./Middlewares/ST/STM32_USB_Device_Library/Core/Src/usbd_core.o
                0x0000000008005b3e                USBD_Stop
 .text.USBD_GetNextDesc
                0x0000000008005b5c        0xe ./Middlewares/ST/STM32_USB_Device_Library/Core/Src/usbd_core.o
                0x0000000008005b5c                USBD_GetNextDesc
 .text.USBD_GetLen
                0x0000000008005b6a       0x14 ./Middlewares/ST/STM32_USB_Device_Library/Core/Src/usbd_ctlreq.o
 .text.USBD_CtlError
                0x0000000008005b7e       0x14 ./Middlewares/ST/STM32_USB_Device_Library/Core/Src/usbd_ctlreq.o
                0x0000000008005b7e                USBD_CtlError
 .text.USBD_GetString
                0x0000000008005b92       0x3c ./Middlewares/ST/STM32_USB_Device_Library/Core/Src/usbd_ctlreq.o
                0x0000000008005b92                USBD_GetString
 .text.USBD_CtlSendData
                0x0000000008005bce       0x1c ./Middlewares/ST/STM32_USB_Device_Library/Core/Src/usbd_ioreq.o
                0x0000000008005bce                USBD_CtlSendData
 .text.USBD_CtlPrepareRx
                0x0000000008005bea       0x22 ./Middlewares/ST/STM32_USB_Device_Library/Core/Src/usbd_ioreq.o
                0x0000000008005bea                USBD_CtlPrepareRx
 .text.MX_USB_Device_Init
                0x0000000008005c0c       0x5c ./USB_Device/App/usb_device.o
                0x0000000008005c0c                MX_USB_Device_Init
 .text.USBD_DFU_DeviceDescriptor
                0x0000000008005c68        0xc ./USB_Device/App/usbd_desc.o
                0x0000000008005c68                USBD_DFU_DeviceDescriptor
 .text.USBD_DFU_LangIDStrDescriptor
                0x0000000008005c74        0xc ./USB_Device/App/usbd_desc.o
                0x0000000008005c74                USBD_DFU_LangIDStrDescriptor
 .text.IntToUnicode
                0x0000000008005c80       0x30 ./USB_Device/App/usbd_desc.o
 .text.Get_SerialNum
                0x0000000008005cb0       0x40 ./USB_Device/App/usbd_desc.o
 .text.USBD_DFU_SerialStrDescriptor
                0x0000000008005cf0       0x14 ./USB_Device/App/usbd_desc.o
                0x0000000008005cf0                USBD_DFU_SerialStrDescriptor
 .text.USBD_DFU_ProductStrDescriptor
                0x0000000008005d04       0x28 ./USB_Device/App/usbd_desc.o
                0x0000000008005d04                USBD_DFU_ProductStrDescriptor
 .text.USBD_DFU_ManufacturerStrDescriptor
                0x0000000008005d2c       0x1c ./USB_Device/App/usbd_desc.o
                0x0000000008005d2c                USBD_DFU_ManufacturerStrDescriptor
 .text.USBD_DFU_ConfigStrDescriptor
                0x0000000008005d48       0x28 ./USB_Device/App/usbd_desc.o
                0x0000000008005d48                USBD_DFU_ConfigStrDescriptor
 .text.USBD_DFU_InterfaceStrDescriptor
                0x0000000008005d70       0x28 ./USB_Device/App/usbd_desc.o
                0x0000000008005d70                USBD_DFU_InterfaceStrDescriptor
 .text.FLASH_If_Init
                0x0000000008005d98        0x4 ./USB_Device/App/usbd_dfu_flash.o
 .text.FLASH_If_DeInit
                0x0000000008005d9c        0x4 ./USB_Device/App/usbd_dfu_flash.o
 .text.FLASH_If_Erase
                0x0000000008005da0        0x4 ./USB_Device/App/usbd_dfu_flash.o
 .text.FLASH_If_Write
                0x0000000008005da4        0x4 ./USB_Device/App/usbd_dfu_flash.o
 .text.FLASH_If_Read
                0x0000000008005da8        0x6 ./USB_Device/App/usbd_dfu_flash.o
 .text.FLASH_If_GetStatus
                0x0000000008005dae        0x4 ./USB_Device/App/usbd_dfu_flash.o
 .text.USBD_Get_USB_Status
                0x0000000008005db2       0x16 ./USB_Device/Target/usbd_conf.o
 .text.HAL_PCD_MspInit
                0x0000000008005dc8       0x80 ./USB_Device/Target/usbd_conf.o
                0x0000000008005dc8                HAL_PCD_MspInit
 .text.USBD_LL_Init
                0x0000000008005e48       0x68 ./USB_Device/Target/usbd_conf.o
                0x0000000008005e48                USBD_LL_Init
 .text.USBD_LL_Start
                0x0000000008005eb0       0x12 ./USB_Device/Target/usbd_conf.o
                0x0000000008005eb0                USBD_LL_Start
 .text.USBD_LL_Stop
                0x0000000008005ec2       0x12 ./USB_Device/Target/usbd_conf.o
                0x0000000008005ec2                USBD_LL_Stop
 .text.USBD_LL_StallEP
                0x0000000008005ed4       0x12 ./USB_Device/Target/usbd_conf.o
                0x0000000008005ed4                USBD_LL_StallEP
 .text.USBD_LL_Transmit
                0x0000000008005ee6       0x12 ./USB_Device/Target/usbd_conf.o
                0x0000000008005ee6                USBD_LL_Transmit
 .text.USBD_LL_PrepareReceive
                0x0000000008005ef8       0x12 ./USB_Device/Target/usbd_conf.o
                0x0000000008005ef8                USBD_LL_PrepareReceive
 *fill*         0x0000000008005f0a        0x2 
 .text.USBD_static_malloc
                0x0000000008005f0c        0x8 ./USB_Device/Target/usbd_conf.o
                0x0000000008005f0c                USBD_static_malloc
 .text.USBD_static_free
                0x0000000008005f14        0x2 ./USB_Device/Target/usbd_conf.o
                0x0000000008005f14                USBD_static_free
 .text.PROCESS_Init
                0x0000000008005f16        0x2 ./User/src/process.o
                0x0000000008005f16                PROCESS_Init
 .text.PROCESS_Main
                0x0000000008005f18        0x2 ./User/src/process.o
                0x0000000008005f18                PROCESS_Main
 .text.memset   0x0000000008005f1a       0x10 C:/ST/STM32CubeIDE_1.13.1/STM32CubeIDE/plugins/com.st.stm32cube.ide.mcu.externaltools.gnu-tools-for-stm32.11.3.rel1.win32_1.1.100.202309141235/tools/bin/../lib/gcc/arm-none-eabi/11.3.1/../../../../arm-none-eabi/lib/thumb/v6-m/nofp\libc_nano.a(libc_a-memset.o)
                0x0000000008005f1a                memset
 *fill*         0x0000000008005f2a        0x2 
 .text.__libc_init_array
                0x0000000008005f2c       0x48 C:/ST/STM32CubeIDE_1.13.1/STM32CubeIDE/plugins/com.st.stm32cube.ide.mcu.externaltools.gnu-tools-for-stm32.11.3.rel1.win32_1.1.100.202309141235/tools/bin/../lib/gcc/arm-none-eabi/11.3.1/../../../../arm-none-eabi/lib/thumb/v6-m/nofp\libc_nano.a(libc_a-init.o)
                0x0000000008005f2c                __libc_init_array
 *(.glue_7)
 .glue_7        0x0000000008005f74        0x0 linker stubs
 *(.glue_7t)
 .glue_7t       0x0000000008005f74        0x0 linker stubs
 *(.eh_frame)
 .eh_frame      0x0000000008005f74        0x0 C:/ST/STM32CubeIDE_1.13.1/STM32CubeIDE/plugins/com.st.stm32cube.ide.mcu.externaltools.gnu-tools-for-stm32.11.3.rel1.win32_1.1.100.202309141235/tools/bin/../lib/gcc/arm-none-eabi/11.3.1/thumb/v6-m/nofp/crtbegin.o
 *(.init)
 .init          0x0000000008005f74        0x4 C:/ST/STM32CubeIDE_1.13.1/STM32CubeIDE/plugins/com.st.stm32cube.ide.mcu.externaltools.gnu-tools-for-stm32.11.3.rel1.win32_1.1.100.202309141235/tools/bin/../lib/gcc/arm-none-eabi/11.3.1/thumb/v6-m/nofp/crti.o
                0x0000000008005f74                _init
 .init          0x0000000008005f78        0x8 C:/ST/STM32CubeIDE_1.13.1/STM32CubeIDE/plugins/com.st.stm32cube.ide.mcu.externaltools.gnu-tools-for-stm32.11.3.rel1.win32_1.1.100.202309141235/tools/bin/../lib/gcc/arm-none-eabi/11.3.1/thumb/v6-m/nofp/crtn.o
 *(.fini)
 .fini          0x0000000008005f80        0x4 C:/ST/STM32CubeIDE_1.13.1/STM32CubeIDE/plugins/com.st.stm32cube.ide.mcu.externaltools.gnu-tools-for-stm32.11.3.rel1.win32_1.1.100.202309141235/tools/bin/../lib/gcc/arm-none-eabi/11.3.1/thumb/v6-m/nofp/crti.o
                0x0000000008005f80                _fini
 .fini          0x0000000008005f84        0x8 C:/ST/STM32CubeIDE_1.13.1/STM32CubeIDE/plugins/com.st.stm32cube.ide.mcu.externaltools.gnu-tools-for-stm32.11.3.rel1.win32_1.1.100.202309141235/tools/bin/../lib/gcc/arm-none-eabi/11.3.1/thumb/v6-m/nofp/crtn.o
                0x0000000008005f8c                . = ALIGN (0x4)
                0x0000000008005f8c                _etext = .

.vfp11_veneer   0x0000000008005f8c        0x0
 .vfp11_veneer  0x0000000008005f8c        0x0 linker stubs

.v4_bx          0x0000000008005f8c        0x0
 .v4_bx         0x0000000008005f8c        0x0 linker stubs

.iplt           0x0000000008005f8c        0x0
 .iplt          0x0000000008005f8c        0x0 C:/ST/STM32CubeIDE_1.13.1/STM32CubeIDE/plugins/com.st.stm32cube.ide.mcu.externaltools.gnu-tools-for-stm32.11.3.rel1.win32_1.1.100.202309141235/tools/bin/../lib/gcc/arm-none-eabi/11.3.1/thumb/v6-m/nofp/crtbegin.o

.rodata         0x0000000008005f8c      0x184
                0x0000000008005f8c                . = ALIGN (0x4)
 *(.rodata)
 *(.rodata*)
 .rodata.AHBPrescTable
                0x0000000008005f8c       0x40 ./Core/Src/system_stm32g0xx.o
                0x0000000008005f8c                AHBPrescTable
 .rodata.APBPrescTable
                0x0000000008005fcc       0x20 ./Core/Src/system_stm32g0xx.o
                0x0000000008005fcc                APBPrescTable
 .rodata.UARTPrescTable
                0x0000000008005fec       0x18 ./Drivers/STM32G0xx_HAL_Driver/Src/stm32g0xx_hal_uart.o
                0x0000000008005fec                UARTPrescTable
 .rodata.denominator.0
                0x0000000008006004        0x8 ./Drivers/STM32G0xx_HAL_Driver/Src/stm32g0xx_hal_uart_ex.o
 .rodata.numerator.1
                0x000000000800600c        0x8 ./Drivers/STM32G0xx_HAL_Driver/Src/stm32g0xx_hal_uart_ex.o
 .rodata.USBD_DFU_Setup
                0x0000000008006014       0x4c ./Middlewares/ST/STM32_USB_Device_Library/Class/DFU/Src/usbd_dfu.o
 .rodata.USBD_DFU_ProductStrDescriptor.str1.4
                0x0000000008006060       0x1f ./USB_Device/App/usbd_desc.o
 *fill*         0x000000000800607f        0x1 
 .rodata.USBD_DFU_ManufacturerStrDescriptor.str1.4
                0x0000000008006080       0x13 ./USB_Device/App/usbd_desc.o
 *fill*         0x0000000008006093        0x1 
 .rodata.USBD_DFU_ConfigStrDescriptor.str1.4
                0x0000000008006094        0xb ./USB_Device/App/usbd_desc.o
 *fill*         0x000000000800609f        0x1 
 .rodata.USBD_DFU_InterfaceStrDescriptor.str1.4
                0x00000000080060a0        0xe ./USB_Device/App/usbd_desc.o
 *fill*         0x00000000080060ae        0x2 
 .rodata.str1.4
                0x00000000080060b0       0x5d ./USB_Device/App/usbd_dfu_flash.o
                0x0000000008006110                . = ALIGN (0x4)
 *fill*         0x000000000800610d        0x3 

.ARM.extab      0x0000000008006110        0x0
                0x0000000008006110                . = ALIGN (0x4)
 *(.ARM.extab* .gnu.linkonce.armextab.*)
                0x0000000008006110                . = ALIGN (0x4)

.ARM            0x0000000008006110        0x8
                0x0000000008006110                . = ALIGN (0x4)
                0x0000000008006110                __exidx_start = .
 *(.ARM.exidx*)
 .ARM.exidx     0x0000000008006110        0x8 C:/ST/STM32CubeIDE_1.13.1/STM32CubeIDE/plugins/com.st.stm32cube.ide.mcu.externaltools.gnu-tools-for-stm32.11.3.rel1.win32_1.1.100.202309141235/tools/bin/../lib/gcc/arm-none-eabi/11.3.1/thumb/v6-m/nofp\libgcc.a(_udivmoddi4.o)
                0x0000000008006118                __exidx_end = .
                0x0000000008006118                . = ALIGN (0x4)

.rel.dyn        0x0000000008006118        0x0
 .rel.iplt      0x0000000008006118        0x0 C:/ST/STM32CubeIDE_1.13.1/STM32CubeIDE/plugins/com.st.stm32cube.ide.mcu.externaltools.gnu-tools-for-stm32.11.3.rel1.win32_1.1.100.202309141235/tools/bin/../lib/gcc/arm-none-eabi/11.3.1/thumb/v6-m/nofp/crtbegin.o

.preinit_array  0x0000000008006118        0x0
                0x0000000008006118                . = ALIGN (0x4)
                0x0000000008006118                PROVIDE (__preinit_array_start = .)
 *(.preinit_array*)
                0x0000000008006118                PROVIDE (__preinit_array_end = .)
                0x0000000008006118                . = ALIGN (0x4)

.init_array     0x0000000008006118        0x4
                0x0000000008006118                . = ALIGN (0x4)
                0x0000000008006118                PROVIDE (__init_array_start = .)
 *(SORT_BY_NAME(.init_array.*))
 *(.init_array*)
 .init_array    0x0000000008006118        0x4 C:/ST/STM32CubeIDE_1.13.1/STM32CubeIDE/plugins/com.st.stm32cube.ide.mcu.externaltools.gnu-tools-for-stm32.11.3.rel1.win32_1.1.100.202309141235/tools/bin/../lib/gcc/arm-none-eabi/11.3.1/thumb/v6-m/nofp/crtbegin.o
                0x000000000800611c                PROVIDE (__init_array_end = .)
                0x000000000800611c                . = ALIGN (0x4)

.fini_array     0x000000000800611c        0x4
                0x000000000800611c                . = ALIGN (0x4)
                [!provide]                        PROVIDE (__fini_array_start = .)
 *(SORT_BY_NAME(.fini_array.*))
 *(.fini_array*)
 .fini_array    0x000000000800611c        0x4 C:/ST/STM32CubeIDE_1.13.1/STM32CubeIDE/plugins/com.st.stm32cube.ide.mcu.externaltools.gnu-tools-for-stm32.11.3.rel1.win32_1.1.100.202309141235/tools/bin/../lib/gcc/arm-none-eabi/11.3.1/thumb/v6-m/nofp/crtbegin.o
                [!provide]                        PROVIDE (__fini_array_end = .)
                0x0000000008006120                . = ALIGN (0x4)
                0x0000000008006120                _sidata = LOADADDR (.data)

.data           0x0000000020000000       0xe0 load address 0x0000000008006120
                0x0000000020000000                . = ALIGN (0x4)
                0x0000000020000000                _sdata = .
 *(.data)
 *(.data*)
 .data.SystemCoreClock
                0x0000000020000000        0x4 ./Core/Src/system_stm32g0xx.o
                0x0000000020000000                SystemCoreClock
 .data.uwTickFreq
                0x0000000020000004        0x1 ./Drivers/STM32G0xx_HAL_Driver/Src/stm32g0xx_hal.o
                0x0000000020000004                uwTickFreq
 *fill*         0x0000000020000005        0x3 
 .data.uwTickPrio
                0x0000000020000008        0x4 ./Drivers/STM32G0xx_HAL_Driver/Src/stm32g0xx_hal.o
                0x0000000020000008                uwTickPrio
 .data.USBD_DFU
                0x000000002000000c       0x3c ./Middlewares/ST/STM32_USB_Device_Library/Class/DFU/Src/usbd_dfu.o
                0x000000002000000c                USBD_DFU
 .data.USBD_DFU_CfgDesc
                0x0000000020000048       0x1b ./Middlewares/ST/STM32_USB_Device_Library/Class/DFU/Src/usbd_dfu.o
 *fill*         0x0000000020000063        0x1 
 .data.USBD_DFU_DeviceQualifierDesc
                0x0000000020000064        0xa ./Middlewares/ST/STM32_USB_Device_Library/Class/DFU/Src/usbd_dfu.o
 *fill*         0x000000002000006e        0x2 
 .data.DFU_Desc
                0x0000000020000070       0x20 ./USB_Device/App/usbd_desc.o
                0x0000000020000070                DFU_Desc
 .data.USBD_DFU_DeviceDesc
                0x0000000020000090       0x12 ./USB_Device/App/usbd_desc.o
                0x0000000020000090                USBD_DFU_DeviceDesc
 *fill*         0x00000000200000a2        0x2 
 .data.USBD_LangIDDesc
                0x00000000200000a4        0x4 ./USB_Device/App/usbd_desc.o
                0x00000000200000a4                USBD_LangIDDesc
 .data.USBD_StringSerial
                0x00000000200000a8       0x1a ./USB_Device/App/usbd_desc.o
                0x00000000200000a8                USBD_StringSerial
 *fill*         0x00000000200000c2        0x2 
 .data.USBD_DFU_Flash_fops
                0x00000000200000c4       0x1c ./USB_Device/App/usbd_dfu_flash.o
                0x00000000200000c4                USBD_DFU_Flash_fops
 *(.RamFunc)
 *(.RamFunc*)
                0x00000000200000e0                . = ALIGN (0x4)
                0x00000000200000e0                _edata = .

.igot.plt       0x00000000200000e0        0x0 load address 0x0000000008006200
 .igot.plt      0x00000000200000e0        0x0 C:/ST/STM32CubeIDE_1.13.1/STM32CubeIDE/plugins/com.st.stm32cube.ide.mcu.externaltools.gnu-tools-for-stm32.11.3.rel1.win32_1.1.100.202309141235/tools/bin/../lib/gcc/arm-none-eabi/11.3.1/thumb/v6-m/nofp/crtbegin.o
                0x00000000200000e0                . = ALIGN (0x4)

.bss            0x00000000200000e0     0x1528 load address 0x0000000008006200
                0x00000000200000e0                _sbss = .
                0x00000000200000e0                __bss_start__ = _sbss
 *(.bss)
 .bss           0x00000000200000e0       0x1c C:/ST/STM32CubeIDE_1.13.1/STM32CubeIDE/plugins/com.st.stm32cube.ide.mcu.externaltools.gnu-tools-for-stm32.11.3.rel1.win32_1.1.100.202309141235/tools/bin/../lib/gcc/arm-none-eabi/11.3.1/thumb/v6-m/nofp/crtbegin.o
 *(.bss*)
 .bss.HAL_RCC_FDCAN_CLK_ENABLED
                0x00000000200000fc        0x4 ./Core/Src/fdcan.o
 .bss.hfdcan1   0x0000000020000100       0x64 ./Core/Src/fdcan.o
                0x0000000020000100                hfdcan1
 .bss.hfdcan2   0x0000000020000164       0x64 ./Core/Src/fdcan.o
                0x0000000020000164                hfdcan2
 .bss.hi2c2     0x00000000200001c8       0x54 ./Core/Src/i2c.o
                0x00000000200001c8                hi2c2
 .bss.hspi1     0x000000002000021c       0x64 ./Core/Src/spi.o
                0x000000002000021c                hspi1
 .bss.htim14    0x0000000020000280       0x4c ./Core/Src/tim.o
                0x0000000020000280                htim14
 .bss.htim15    0x00000000200002cc       0x4c ./Core/Src/tim.o
                0x00000000200002cc                htim15
 .bss.htim16    0x0000000020000318       0x4c ./Core/Src/tim.o
                0x0000000020000318                htim16
 .bss.htim17    0x0000000020000364       0x4c ./Core/Src/tim.o
                0x0000000020000364                htim17
 .bss.hdma_usart2_rx
                0x00000000200003b0       0x60 ./Core/Src/usart.o
                0x00000000200003b0                hdma_usart2_rx
 .bss.hdma_usart2_tx
                0x0000000020000410       0x60 ./Core/Src/usart.o
                0x0000000020000410                hdma_usart2_tx
 .bss.hdma_usart3_rx
                0x0000000020000470       0x60 ./Core/Src/usart.o
                0x0000000020000470                hdma_usart3_rx
 .bss.hdma_usart3_tx
                0x00000000200004d0       0x60 ./Core/Src/usart.o
                0x00000000200004d0                hdma_usart3_tx
 .bss.hdma_usart5_rx
                0x0000000020000530       0x60 ./Core/Src/usart.o
                0x0000000020000530                hdma_usart5_rx
 .bss.hdma_usart5_tx
                0x0000000020000590       0x60 ./Core/Src/usart.o
                0x0000000020000590                hdma_usart5_tx
 .bss.hdma_usart6_rx
                0x00000000200005f0       0x60 ./Core/Src/usart.o
                0x00000000200005f0                hdma_usart6_rx
 .bss.hdma_usart6_tx
                0x0000000020000650       0x60 ./Core/Src/usart.o
                0x0000000020000650                hdma_usart6_tx
 .bss.huart2    0x00000000200006b0       0x94 ./Core/Src/usart.o
                0x00000000200006b0                huart2
 .bss.huart3    0x0000000020000744       0x94 ./Core/Src/usart.o
                0x0000000020000744                huart3
 .bss.huart5    0x00000000200007d8       0x94 ./Core/Src/usart.o
                0x00000000200007d8                huart5
 .bss.huart6    0x000000002000086c       0x94 ./Core/Src/usart.o
                0x000000002000086c                huart6
 .bss.uwTick    0x0000000020000900        0x4 ./Drivers/STM32G0xx_HAL_Driver/Src/stm32g0xx_hal.o
                0x0000000020000900                uwTick
 .bss.USBD_StrDesc.0
                0x0000000020000904       0xff ./Middlewares/ST/STM32_USB_Device_Library/Class/DFU/Src/usbd_dfu.o
 *fill*         0x0000000020000a03        0x1 
 .bss.hUsbDeviceFS
                0x0000000020000a04      0x2dc ./USB_Device/App/usb_device.o
                0x0000000020000a04                hUsbDeviceFS
 .bss.USBD_StrDesc
                0x0000000020000ce0      0x200 ./USB_Device/App/usbd_desc.o
                0x0000000020000ce0                USBD_StrDesc
 .bss.hpcd_USB_DRD_FS
                0x0000000020000ee0      0x308 ./USB_Device/Target/usbd_conf.o
                0x0000000020000ee0                hpcd_USB_DRD_FS
 .bss.mem.0     0x00000000200011e8      0x420 ./USB_Device/Target/usbd_conf.o
 *(COMMON)
                0x0000000020001608                . = ALIGN (0x4)
                0x0000000020001608                _ebss = .
                0x0000000020001608                __bss_end__ = _ebss

._user_heap_stack
                0x0000000020001608     0x6000 load address 0x0000000008006200
                0x0000000020001608                . = ALIGN (0x8)
                [!provide]                        PROVIDE (end = .)
                0x0000000020001608                PROVIDE (_end = .)
                0x0000000020003608                . = (. + _Min_Heap_Size)
 *fill*         0x0000000020001608     0x2000 
                0x0000000020007608                . = (. + _Min_Stack_Size)
 *fill*         0x0000000020003608     0x4000 
                0x0000000020007608                . = ALIGN (0x8)

/DISCARD/
 libc.a(*)
 libm.a(*)
 libgcc.a(*)

.ARM.attributes
                0x0000000000000000       0x28
 *(.ARM.attributes)
 .ARM.attributes
                0x0000000000000000       0x1e C:/ST/STM32CubeIDE_1.13.1/STM32CubeIDE/plugins/com.st.stm32cube.ide.mcu.externaltools.gnu-tools-for-stm32.11.3.rel1.win32_1.1.100.202309141235/tools/bin/../lib/gcc/arm-none-eabi/11.3.1/thumb/v6-m/nofp/crti.o
 .ARM.attributes
                0x000000000000001e       0x2c C:/ST/STM32CubeIDE_1.13.1/STM32CubeIDE/plugins/com.st.stm32cube.ide.mcu.externaltools.gnu-tools-for-stm32.11.3.rel1.win32_1.1.100.202309141235/tools/bin/../lib/gcc/arm-none-eabi/11.3.1/thumb/v6-m/nofp/crtbegin.o
 .ARM.attributes
                0x000000000000004a       0x2c ./Core/Src/dma.o
 .ARM.attributes
                0x0000000000000076       0x2c ./Core/Src/fdcan.o
 .ARM.attributes
                0x00000000000000a2       0x2c ./Core/Src/gpio.o
 .ARM.attributes
                0x00000000000000ce       0x2c ./Core/Src/i2c.o
 .ARM.attributes
                0x00000000000000fa       0x2c ./Core/Src/main.o
 .ARM.attributes
                0x0000000000000126       0x2c ./Core/Src/spi.o
 .ARM.attributes
                0x0000000000000152       0x2c ./Core/Src/stm32g0xx_hal_msp.o
 .ARM.attributes
                0x000000000000017e       0x2c ./Core/Src/stm32g0xx_it.o
 .ARM.attributes
                0x00000000000001aa       0x2c ./Core/Src/system_stm32g0xx.o
 .ARM.attributes
                0x00000000000001d6       0x2c ./Core/Src/tim.o
 .ARM.attributes
                0x0000000000000202       0x2c ./Core/Src/usart.o
 .ARM.attributes
                0x000000000000022e       0x22 ./Core/Startup/startup_stm32g0b1cbtx.o
 .ARM.attributes
                0x0000000000000250       0x2c ./Drivers/STM32G0xx_HAL_Driver/Src/stm32g0xx_hal.o
 .ARM.attributes
                0x000000000000027c       0x2c ./Drivers/STM32G0xx_HAL_Driver/Src/stm32g0xx_hal_cortex.o
 .ARM.attributes
                0x00000000000002a8       0x2c ./Drivers/STM32G0xx_HAL_Driver/Src/stm32g0xx_hal_dma.o
 .ARM.attributes
                0x00000000000002d4       0x2c ./Drivers/STM32G0xx_HAL_Driver/Src/stm32g0xx_hal_fdcan.o
 .ARM.attributes
                0x0000000000000300       0x2c ./Drivers/STM32G0xx_HAL_Driver/Src/stm32g0xx_hal_gpio.o
 .ARM.attributes
                0x000000000000032c       0x2c ./Drivers/STM32G0xx_HAL_Driver/Src/stm32g0xx_hal_i2c.o
 .ARM.attributes
                0x0000000000000358       0x2c ./Drivers/STM32G0xx_HAL_Driver/Src/stm32g0xx_hal_i2c_ex.o
 .ARM.attributes
                0x0000000000000384       0x2c ./Drivers/STM32G0xx_HAL_Driver/Src/stm32g0xx_hal_pcd.o
 .ARM.attributes
                0x00000000000003b0       0x2c ./Drivers/STM32G0xx_HAL_Driver/Src/stm32g0xx_hal_pcd_ex.o
 .ARM.attributes
                0x00000000000003dc       0x2c ./Drivers/STM32G0xx_HAL_Driver/Src/stm32g0xx_hal_pwr_ex.o
 .ARM.attributes
                0x0000000000000408       0x2c ./Drivers/STM32G0xx_HAL_Driver/Src/stm32g0xx_hal_rcc.o
 .ARM.attributes
                0x0000000000000434       0x2c ./Drivers/STM32G0xx_HAL_Driver/Src/stm32g0xx_hal_rcc_ex.o
 .ARM.attributes
                0x0000000000000460       0x2c ./Drivers/STM32G0xx_HAL_Driver/Src/stm32g0xx_hal_spi.o
 .ARM.attributes
                0x000000000000048c       0x2c ./Drivers/STM32G0xx_HAL_Driver/Src/stm32g0xx_hal_tim.o
 .ARM.attributes
                0x00000000000004b8       0x2c ./Drivers/STM32G0xx_HAL_Driver/Src/stm32g0xx_hal_tim_ex.o
 .ARM.attributes
                0x00000000000004e4       0x2c ./Drivers/STM32G0xx_HAL_Driver/Src/stm32g0xx_hal_uart.o
 .ARM.attributes
                0x0000000000000510       0x2c ./Drivers/STM32G0xx_HAL_Driver/Src/stm32g0xx_hal_uart_ex.o
 .ARM.attributes
                0x000000000000053c       0x2c ./Drivers/STM32G0xx_HAL_Driver/Src/stm32g0xx_ll_usb.o
 .ARM.attributes
                0x0000000000000568       0x2c ./Middlewares/ST/STM32_USB_Device_Library/Class/DFU/Src/usbd_dfu.o
 .ARM.attributes
                0x0000000000000594       0x2c ./Middlewares/ST/STM32_USB_Device_Library/Core/Src/usbd_core.o
 .ARM.attributes
                0x00000000000005c0       0x2c ./Middlewares/ST/STM32_USB_Device_Library/Core/Src/usbd_ctlreq.o
 .ARM.attributes
                0x00000000000005ec       0x2c ./Middlewares/ST/STM32_USB_Device_Library/Core/Src/usbd_ioreq.o
 .ARM.attributes
                0x0000000000000618       0x2c ./USB_Device/App/usb_device.o
 .ARM.attributes
                0x0000000000000644       0x2c ./USB_Device/App/usbd_desc.o
 .ARM.attributes
                0x0000000000000670       0x2c ./USB_Device/App/usbd_dfu_flash.o
 .ARM.attributes
                0x000000000000069c       0x2c ./USB_Device/Target/usbd_conf.o
 .ARM.attributes
                0x00000000000006c8       0x2c ./User/src/process.o
 .ARM.attributes
                0x00000000000006f4       0x2c C:/ST/STM32CubeIDE_1.13.1/STM32CubeIDE/plugins/com.st.stm32cube.ide.mcu.externaltools.gnu-tools-for-stm32.11.3.rel1.win32_1.1.100.202309141235/tools/bin/../lib/gcc/arm-none-eabi/11.3.1/../../../../arm-none-eabi/lib/thumb/v6-m/nofp\libc_nano.a(libc_a-memset.o)
 .ARM.attributes
                0x0000000000000720       0x2c C:/ST/STM32CubeIDE_1.13.1/STM32CubeIDE/plugins/com.st.stm32cube.ide.mcu.externaltools.gnu-tools-for-stm32.11.3.rel1.win32_1.1.100.202309141235/tools/bin/../lib/gcc/arm-none-eabi/11.3.1/../../../../arm-none-eabi/lib/thumb/v6-m/nofp\libc_nano.a(libc_a-init.o)
 .ARM.attributes
                0x000000000000074c       0x1e C:/ST/STM32CubeIDE_1.13.1/STM32CubeIDE/plugins/com.st.stm32cube.ide.mcu.externaltools.gnu-tools-for-stm32.11.3.rel1.win32_1.1.100.202309141235/tools/bin/../lib/gcc/arm-none-eabi/11.3.1/thumb/v6-m/nofp\libgcc.a(_udivsi3.o)
 .ARM.attributes
                0x000000000000076a       0x1e C:/ST/STM32CubeIDE_1.13.1/STM32CubeIDE/plugins/com.st.stm32cube.ide.mcu.externaltools.gnu-tools-for-stm32.11.3.rel1.win32_1.1.100.202309141235/tools/bin/../lib/gcc/arm-none-eabi/11.3.1/thumb/v6-m/nofp\libgcc.a(_divsi3.o)
 .ARM.attributes
                0x0000000000000788       0x1e C:/ST/STM32CubeIDE_1.13.1/STM32CubeIDE/plugins/com.st.stm32cube.ide.mcu.externaltools.gnu-tools-for-stm32.11.3.rel1.win32_1.1.100.202309141235/tools/bin/../lib/gcc/arm-none-eabi/11.3.1/thumb/v6-m/nofp\libgcc.a(_dvmd_tls.o)
 .ARM.attributes
                0x00000000000007a6       0x1e C:/ST/STM32CubeIDE_1.13.1/STM32CubeIDE/plugins/com.st.stm32cube.ide.mcu.externaltools.gnu-tools-for-stm32.11.3.rel1.win32_1.1.100.202309141235/tools/bin/../lib/gcc/arm-none-eabi/11.3.1/thumb/v6-m/nofp\libgcc.a(_aeabi_uldivmod.o)
 .ARM.attributes
                0x00000000000007c4       0x2c C:/ST/STM32CubeIDE_1.13.1/STM32CubeIDE/plugins/com.st.stm32cube.ide.mcu.externaltools.gnu-tools-for-stm32.11.3.rel1.win32_1.1.100.202309141235/tools/bin/../lib/gcc/arm-none-eabi/11.3.1/thumb/v6-m/nofp\libgcc.a(_udivmoddi4.o)
 .ARM.attributes
                0x00000000000007f0       0x1e C:/ST/STM32CubeIDE_1.13.1/STM32CubeIDE/plugins/com.st.stm32cube.ide.mcu.externaltools.gnu-tools-for-stm32.11.3.rel1.win32_1.1.100.202309141235/tools/bin/../lib/gcc/arm-none-eabi/11.3.1/thumb/v6-m/nofp\libgcc.a(_clzdi2.o)
 .ARM.attributes
                0x000000000000080e       0x1e C:/ST/STM32CubeIDE_1.13.1/STM32CubeIDE/plugins/com.st.stm32cube.ide.mcu.externaltools.gnu-tools-for-stm32.11.3.rel1.win32_1.1.100.202309141235/tools/bin/../lib/gcc/arm-none-eabi/11.3.1/thumb/v6-m/nofp\libgcc.a(_clzsi2.o)
 .ARM.attributes
                0x000000000000082c       0x1e C:/ST/STM32CubeIDE_1.13.1/STM32CubeIDE/plugins/com.st.stm32cube.ide.mcu.externaltools.gnu-tools-for-stm32.11.3.rel1.win32_1.1.100.202309141235/tools/bin/../lib/gcc/arm-none-eabi/11.3.1/thumb/v6-m/nofp/crtn.o
OUTPUT(DRV_1_0.elf elf32-littlearm)
LOAD linker stubs
LOAD C:/ST/STM32CubeIDE_1.13.1/STM32CubeIDE/plugins/com.st.stm32cube.ide.mcu.externaltools.gnu-tools-for-stm32.11.3.rel1.win32_1.1.100.202309141235/tools/bin/../lib/gcc/arm-none-eabi/11.3.1/../../../../arm-none-eabi/lib/thumb/v6-m/nofp\libc.a
LOAD C:/ST/STM32CubeIDE_1.13.1/STM32CubeIDE/plugins/com.st.stm32cube.ide.mcu.externaltools.gnu-tools-for-stm32.11.3.rel1.win32_1.1.100.202309141235/tools/bin/../lib/gcc/arm-none-eabi/11.3.1/../../../../arm-none-eabi/lib/thumb/v6-m/nofp\libm.a
LOAD C:/ST/STM32CubeIDE_1.13.1/STM32CubeIDE/plugins/com.st.stm32cube.ide.mcu.externaltools.gnu-tools-for-stm32.11.3.rel1.win32_1.1.100.202309141235/tools/bin/../lib/gcc/arm-none-eabi/11.3.1/thumb/v6-m/nofp\libgcc.a

.comment        0x0000000000000000       0x43
 .comment       0x0000000000000000       0x43 C:/ST/STM32CubeIDE_1.13.1/STM32CubeIDE/plugins/com.st.stm32cube.ide.mcu.externaltools.gnu-tools-for-stm32.11.3.rel1.win32_1.1.100.202309141235/tools/bin/../lib/gcc/arm-none-eabi/11.3.1/thumb/v6-m/nofp/crtbegin.o
                                         0x44 (size before relaxing)
 .comment       0x0000000000000043       0x44 ./Core/Src/dma.o
 .comment       0x0000000000000043       0x44 ./Core/Src/fdcan.o
 .comment       0x0000000000000043       0x44 ./Core/Src/gpio.o
 .comment       0x0000000000000043       0x44 ./Core/Src/i2c.o
 .comment       0x0000000000000043       0x44 ./Core/Src/main.o
 .comment       0x0000000000000043       0x44 ./Core/Src/spi.o
 .comment       0x0000000000000043       0x44 ./Core/Src/stm32g0xx_hal_msp.o
 .comment       0x0000000000000043       0x44 ./Core/Src/stm32g0xx_it.o
 .comment       0x0000000000000043       0x44 ./Core/Src/system_stm32g0xx.o
 .comment       0x0000000000000043       0x44 ./Core/Src/tim.o
 .comment       0x0000000000000043       0x44 ./Core/Src/usart.o
 .comment       0x0000000000000043       0x44 ./Drivers/STM32G0xx_HAL_Driver/Src/stm32g0xx_hal.o
 .comment       0x0000000000000043       0x44 ./Drivers/STM32G0xx_HAL_Driver/Src/stm32g0xx_hal_cortex.o
 .comment       0x0000000000000043       0x44 ./Drivers/STM32G0xx_HAL_Driver/Src/stm32g0xx_hal_dma.o
 .comment       0x0000000000000043       0x44 ./Drivers/STM32G0xx_HAL_Driver/Src/stm32g0xx_hal_fdcan.o
 .comment       0x0000000000000043       0x44 ./Drivers/STM32G0xx_HAL_Driver/Src/stm32g0xx_hal_gpio.o
 .comment       0x0000000000000043       0x44 ./Drivers/STM32G0xx_HAL_Driver/Src/stm32g0xx_hal_i2c.o
 .comment       0x0000000000000043       0x44 ./Drivers/STM32G0xx_HAL_Driver/Src/stm32g0xx_hal_i2c_ex.o
 .comment       0x0000000000000043       0x44 ./Drivers/STM32G0xx_HAL_Driver/Src/stm32g0xx_hal_pcd.o
 .comment       0x0000000000000043       0x44 ./Drivers/STM32G0xx_HAL_Driver/Src/stm32g0xx_hal_pcd_ex.o
 .comment       0x0000000000000043       0x44 ./Drivers/STM32G0xx_HAL_Driver/Src/stm32g0xx_hal_pwr_ex.o
 .comment       0x0000000000000043       0x44 ./Drivers/STM32G0xx_HAL_Driver/Src/stm32g0xx_hal_rcc.o
 .comment       0x0000000000000043       0x44 ./Drivers/STM32G0xx_HAL_Driver/Src/stm32g0xx_hal_rcc_ex.o
 .comment       0x0000000000000043       0x44 ./Drivers/STM32G0xx_HAL_Driver/Src/stm32g0xx_hal_spi.o
 .comment       0x0000000000000043       0x44 ./Drivers/STM32G0xx_HAL_Driver/Src/stm32g0xx_hal_tim.o
 .comment       0x0000000000000043       0x44 ./Drivers/STM32G0xx_HAL_Driver/Src/stm32g0xx_hal_tim_ex.o
 .comment       0x0000000000000043       0x44 ./Drivers/STM32G0xx_HAL_Driver/Src/stm32g0xx_hal_uart.o
 .comment       0x0000000000000043       0x44 ./Drivers/STM32G0xx_HAL_Driver/Src/stm32g0xx_hal_uart_ex.o
 .comment       0x0000000000000043       0x44 ./Drivers/STM32G0xx_HAL_Driver/Src/stm32g0xx_ll_usb.o
 .comment       0x0000000000000043       0x44 ./Middlewares/ST/STM32_USB_Device_Library/Class/DFU/Src/usbd_dfu.o
 .comment       0x0000000000000043       0x44 ./Middlewares/ST/STM32_USB_Device_Library/Core/Src/usbd_core.o
 .comment       0x0000000000000043       0x44 ./Middlewares/ST/STM32_USB_Device_Library/Core/Src/usbd_ctlreq.o
 .comment       0x0000000000000043       0x44 ./Middlewares/ST/STM32_USB_Device_Library/Core/Src/usbd_ioreq.o
 .comment       0x0000000000000043       0x44 ./USB_Device/App/usb_device.o
 .comment       0x0000000000000043       0x44 ./USB_Device/App/usbd_desc.o
 .comment       0x0000000000000043       0x44 ./USB_Device/App/usbd_dfu_flash.o
 .comment       0x0000000000000043       0x44 ./USB_Device/Target/usbd_conf.o
 .comment       0x0000000000000043       0x44 ./User/src/process.o

.debug_info     0x0000000000000000    0x2d502
 .debug_info    0x0000000000000000      0x410 ./Core/Src/dma.o
 .debug_info    0x0000000000000410      0xe1d ./Core/Src/fdcan.o
 .debug_info    0x000000000000122d      0x555 ./Core/Src/gpio.o
 .debug_info    0x0000000000001782      0xea3 ./Core/Src/i2c.o
 .debug_info    0x0000000000002625      0x4de ./Core/Src/main.o
 .debug_info    0x0000000000002b03      0xc51 ./Core/Src/spi.o
 .debug_info    0x0000000000003754      0x28b ./Core/Src/stm32g0xx_hal_msp.o
 .debug_info    0x00000000000039df     0x1918 ./Core/Src/stm32g0xx_it.o
 .debug_info    0x00000000000052f7      0x350 ./Core/Src/system_stm32g0xx.o
 .debug_info    0x0000000000005647     0x1069 ./Core/Src/tim.o
 .debug_info    0x00000000000066b0     0x14d4 ./Core/Src/usart.o
 .debug_info    0x0000000000007b84       0x23 ./Core/Startup/startup_stm32g0b1cbtx.o
 .debug_info    0x0000000000007ba7      0xbbd ./Drivers/STM32G0xx_HAL_Driver/Src/stm32g0xx_hal.o
 .debug_info    0x0000000000008764      0x9bd ./Drivers/STM32G0xx_HAL_Driver/Src/stm32g0xx_hal_cortex.o
 .debug_info    0x0000000000009121      0xa17 ./Drivers/STM32G0xx_HAL_Driver/Src/stm32g0xx_hal_dma.o
 .debug_info    0x0000000000009b38     0x1c11 ./Drivers/STM32G0xx_HAL_Driver/Src/stm32g0xx_hal_fdcan.o
 .debug_info    0x000000000000b749      0x62d ./Drivers/STM32G0xx_HAL_Driver/Src/stm32g0xx_hal_gpio.o
 .debug_info    0x000000000000bd76     0x416d ./Drivers/STM32G0xx_HAL_Driver/Src/stm32g0xx_hal_i2c.o
 .debug_info    0x000000000000fee3      0xa75 ./Drivers/STM32G0xx_HAL_Driver/Src/stm32g0xx_hal_i2c_ex.o
 .debug_info    0x0000000000010958     0x1b65 ./Drivers/STM32G0xx_HAL_Driver/Src/stm32g0xx_hal_pcd.o
 .debug_info    0x00000000000124bd      0x946 ./Drivers/STM32G0xx_HAL_Driver/Src/stm32g0xx_hal_pcd_ex.o
 .debug_info    0x0000000000012e03      0x94f ./Drivers/STM32G0xx_HAL_Driver/Src/stm32g0xx_hal_pwr_ex.o
 .debug_info    0x0000000000013752      0xe3d ./Drivers/STM32G0xx_HAL_Driver/Src/stm32g0xx_hal_rcc.o
 .debug_info    0x000000000001458f      0xc6d ./Drivers/STM32G0xx_HAL_Driver/Src/stm32g0xx_hal_rcc_ex.o
 .debug_info    0x00000000000151fc     0x21d8 ./Drivers/STM32G0xx_HAL_Driver/Src/stm32g0xx_hal_spi.o
 .debug_info    0x00000000000173d4     0x3e56 ./Drivers/STM32G0xx_HAL_Driver/Src/stm32g0xx_hal_tim.o
 .debug_info    0x000000000001b22a     0x1f42 ./Drivers/STM32G0xx_HAL_Driver/Src/stm32g0xx_hal_tim_ex.o
 .debug_info    0x000000000001d16c     0x5f8f ./Drivers/STM32G0xx_HAL_Driver/Src/stm32g0xx_hal_uart.o
 .debug_info    0x00000000000230fb     0x125e ./Drivers/STM32G0xx_HAL_Driver/Src/stm32g0xx_hal_uart_ex.o
 .debug_info    0x0000000000024359     0x1de2 ./Drivers/STM32G0xx_HAL_Driver/Src/stm32g0xx_ll_usb.o
 .debug_info    0x000000000002613b     0x150b ./Middlewares/ST/STM32_USB_Device_Library/Class/DFU/Src/usbd_dfu.o
 .debug_info    0x0000000000027646     0x1274 ./Middlewares/ST/STM32_USB_Device_Library/Core/Src/usbd_core.o
 .debug_info    0x00000000000288ba     0x14a9 ./Middlewares/ST/STM32_USB_Device_Library/Core/Src/usbd_ctlreq.o
 .debug_info    0x0000000000029d63      0x8ec ./Middlewares/ST/STM32_USB_Device_Library/Core/Src/usbd_ioreq.o
 .debug_info    0x000000000002a64f      0x813 ./USB_Device/App/usb_device.o
 .debug_info    0x000000000002ae62      0x5fb ./USB_Device/App/usbd_desc.o
 .debug_info    0x000000000002b45d      0x349 ./USB_Device/App/usbd_dfu_flash.o
 .debug_info    0x000000000002b7a6     0x1d11 ./USB_Device/Target/usbd_conf.o
 .debug_info    0x000000000002d4b7       0x4b ./User/src/process.o

.debug_abbrev   0x0000000000000000     0x59d2
 .debug_abbrev  0x0000000000000000      0x147 ./Core/Src/dma.o
 .debug_abbrev  0x0000000000000147      0x21f ./Core/Src/fdcan.o
 .debug_abbrev  0x0000000000000366      0x191 ./Core/Src/gpio.o
 .debug_abbrev  0x00000000000004f7      0x262 ./Core/Src/i2c.o
 .debug_abbrev  0x0000000000000759      0x1ca ./Core/Src/main.o
 .debug_abbrev  0x0000000000000923      0x23e ./Core/Src/spi.o
 .debug_abbrev  0x0000000000000b61      0x115 ./Core/Src/stm32g0xx_hal_msp.o
 .debug_abbrev  0x0000000000000c76      0x1ee ./Core/Src/stm32g0xx_it.o
 .debug_abbrev  0x0000000000000e64      0x148 ./Core/Src/system_stm32g0xx.o
 .debug_abbrev  0x0000000000000fac      0x22d ./Core/Src/tim.o
 .debug_abbrev  0x00000000000011d9      0x2a6 ./Core/Src/usart.o
 .debug_abbrev  0x000000000000147f       0x12 ./Core/Startup/startup_stm32g0b1cbtx.o
 .debug_abbrev  0x0000000000001491      0x291 ./Drivers/STM32G0xx_HAL_Driver/Src/stm32g0xx_hal.o
 .debug_abbrev  0x0000000000001722      0x2cc ./Drivers/STM32G0xx_HAL_Driver/Src/stm32g0xx_hal_cortex.o
 .debug_abbrev  0x00000000000019ee      0x23c ./Drivers/STM32G0xx_HAL_Driver/Src/stm32g0xx_hal_dma.o
 .debug_abbrev  0x0000000000001c2a      0x1fe ./Drivers/STM32G0xx_HAL_Driver/Src/stm32g0xx_hal_fdcan.o
 .debug_abbrev  0x0000000000001e28      0x20d ./Drivers/STM32G0xx_HAL_Driver/Src/stm32g0xx_hal_gpio.o
 .debug_abbrev  0x0000000000002035      0x2bd ./Drivers/STM32G0xx_HAL_Driver/Src/stm32g0xx_hal_i2c.o
 .debug_abbrev  0x00000000000022f2      0x1ee ./Drivers/STM32G0xx_HAL_Driver/Src/stm32g0xx_hal_i2c_ex.o
 .debug_abbrev  0x00000000000024e0      0x3a5 ./Drivers/STM32G0xx_HAL_Driver/Src/stm32g0xx_hal_pcd.o
 .debug_abbrev  0x0000000000002885      0x287 ./Drivers/STM32G0xx_HAL_Driver/Src/stm32g0xx_hal_pcd_ex.o
 .debug_abbrev  0x0000000000002b0c      0x25b ./Drivers/STM32G0xx_HAL_Driver/Src/stm32g0xx_hal_pwr_ex.o
 .debug_abbrev  0x0000000000002d67      0x2e2 ./Drivers/STM32G0xx_HAL_Driver/Src/stm32g0xx_hal_rcc.o
 .debug_abbrev  0x0000000000003049      0x2a7 ./Drivers/STM32G0xx_HAL_Driver/Src/stm32g0xx_hal_rcc_ex.o
 .debug_abbrev  0x00000000000032f0      0x297 ./Drivers/STM32G0xx_HAL_Driver/Src/stm32g0xx_hal_spi.o
 .debug_abbrev  0x0000000000003587      0x282 ./Drivers/STM32G0xx_HAL_Driver/Src/stm32g0xx_hal_tim.o
 .debug_abbrev  0x0000000000003809      0x295 ./Drivers/STM32G0xx_HAL_Driver/Src/stm32g0xx_hal_tim_ex.o
 .debug_abbrev  0x0000000000003a9e      0x34f ./Drivers/STM32G0xx_HAL_Driver/Src/stm32g0xx_hal_uart.o
 .debug_abbrev  0x0000000000003ded      0x343 ./Drivers/STM32G0xx_HAL_Driver/Src/stm32g0xx_hal_uart_ex.o
 .debug_abbrev  0x0000000000004130      0x341 ./Drivers/STM32G0xx_HAL_Driver/Src/stm32g0xx_ll_usb.o
 .debug_abbrev  0x0000000000004471      0x3e4 ./Middlewares/ST/STM32_USB_Device_Library/Class/DFU/Src/usbd_dfu.o
 .debug_abbrev  0x0000000000004855      0x309 ./Middlewares/ST/STM32_USB_Device_Library/Core/Src/usbd_core.o
 .debug_abbrev  0x0000000000004b5e      0x36e ./Middlewares/ST/STM32_USB_Device_Library/Core/Src/usbd_ctlreq.o
 .debug_abbrev  0x0000000000004ecc      0x1ca ./Middlewares/ST/STM32_USB_Device_Library/Core/Src/usbd_ioreq.o
 .debug_abbrev  0x0000000000005096      0x1d9 ./USB_Device/App/usb_device.o
 .debug_abbrev  0x000000000000526f      0x24b ./USB_Device/App/usbd_desc.o
 .debug_abbrev  0x00000000000054ba      0x15a ./USB_Device/App/usbd_dfu_flash.o
 .debug_abbrev  0x0000000000005614      0x38d ./USB_Device/Target/usbd_conf.o
 .debug_abbrev  0x00000000000059a1       0x31 ./User/src/process.o

.debug_aranges  0x0000000000000000     0x1de8
 .debug_aranges
                0x0000000000000000       0x20 ./Core/Src/dma.o
 .debug_aranges
                0x0000000000000020       0x38 ./Core/Src/fdcan.o
 .debug_aranges
                0x0000000000000058       0x20 ./Core/Src/gpio.o
 .debug_aranges
                0x0000000000000078       0x30 ./Core/Src/i2c.o
 .debug_aranges
                0x00000000000000a8       0x30 ./Core/Src/main.o
 .debug_aranges
                0x00000000000000d8       0x30 ./Core/Src/spi.o
 .debug_aranges
                0x0000000000000108       0x20 ./Core/Src/stm32g0xx_hal_msp.o
 .debug_aranges
                0x0000000000000128       0x98 ./Core/Src/stm32g0xx_it.o
 .debug_aranges
                0x00000000000001c0       0x28 ./Core/Src/system_stm32g0xx.o
 .debug_aranges
                0x00000000000001e8       0x48 ./Core/Src/tim.o
 .debug_aranges
                0x0000000000000230       0x48 ./Core/Src/usart.o
 .debug_aranges
                0x0000000000000278       0x28 ./Core/Startup/startup_stm32g0b1cbtx.o
 .debug_aranges
                0x00000000000002a0      0x130 ./Drivers/STM32G0xx_HAL_Driver/Src/stm32g0xx_hal.o
 .debug_aranges
                0x00000000000003d0       0x90 ./Drivers/STM32G0xx_HAL_Driver/Src/stm32g0xx_hal_cortex.o
 .debug_aranges
                0x0000000000000460       0x90 ./Drivers/STM32G0xx_HAL_Driver/Src/stm32g0xx_hal_dma.o
 .debug_aranges
                0x00000000000004f0      0x208 ./Drivers/STM32G0xx_HAL_Driver/Src/stm32g0xx_hal_fdcan.o
 .debug_aranges
                0x00000000000006f8       0x60 ./Drivers/STM32G0xx_HAL_Driver/Src/stm32g0xx_hal_gpio.o
 .debug_aranges
                0x0000000000000758      0x2a0 ./Drivers/STM32G0xx_HAL_Driver/Src/stm32g0xx_hal_i2c.o
 .debug_aranges
                0x00000000000009f8       0x48 ./Drivers/STM32G0xx_HAL_Driver/Src/stm32g0xx_hal_i2c_ex.o
 .debug_aranges
                0x0000000000000a40      0x138 ./Drivers/STM32G0xx_HAL_Driver/Src/stm32g0xx_hal_pcd.o
 .debug_aranges
                0x0000000000000b78       0x58 ./Drivers/STM32G0xx_HAL_Driver/Src/stm32g0xx_hal_pcd_ex.o
 .debug_aranges
                0x0000000000000bd0      0x128 ./Drivers/STM32G0xx_HAL_Driver/Src/stm32g0xx_hal_pwr_ex.o
 .debug_aranges
                0x0000000000000cf8       0x98 ./Drivers/STM32G0xx_HAL_Driver/Src/stm32g0xx_hal_rcc.o
 .debug_aranges
                0x0000000000000d90       0x88 ./Drivers/STM32G0xx_HAL_Driver/Src/stm32g0xx_hal_rcc_ex.o
 .debug_aranges
                0x0000000000000e18      0x1d8 ./Drivers/STM32G0xx_HAL_Driver/Src/stm32g0xx_hal_spi.o
 .debug_aranges
                0x0000000000000ff0      0x3e0 ./Drivers/STM32G0xx_HAL_Driver/Src/stm32g0xx_hal_tim.o
 .debug_aranges
                0x00000000000013d0      0x198 ./Drivers/STM32G0xx_HAL_Driver/Src/stm32g0xx_hal_tim_ex.o
 .debug_aranges
                0x0000000000001568      0x248 ./Drivers/STM32G0xx_HAL_Driver/Src/stm32g0xx_hal_uart.o
 .debug_aranges
                0x00000000000017b0       0xa8 ./Drivers/STM32G0xx_HAL_Driver/Src/stm32g0xx_hal_uart_ex.o
 .debug_aranges
                0x0000000000001858      0x120 ./Drivers/STM32G0xx_HAL_Driver/Src/stm32g0xx_ll_usb.o
 .debug_aranges
                0x0000000000001978       0xb0 ./Middlewares/ST/STM32_USB_Device_Library/Class/DFU/Src/usbd_dfu.o
 .debug_aranges
                0x0000000000001a28       0xd8 ./Middlewares/ST/STM32_USB_Device_Library/Core/Src/usbd_core.o
 .debug_aranges
                0x0000000000001b00       0x88 ./Middlewares/ST/STM32_USB_Device_Library/Core/Src/usbd_ctlreq.o
 .debug_aranges
                0x0000000000001b88       0x50 ./Middlewares/ST/STM32_USB_Device_Library/Core/Src/usbd_ioreq.o
 .debug_aranges
                0x0000000000001bd8       0x20 ./USB_Device/App/usb_device.o
 .debug_aranges
                0x0000000000001bf8       0x60 ./USB_Device/App/usbd_desc.o
 .debug_aranges
                0x0000000000001c58       0x48 ./USB_Device/App/usbd_dfu_flash.o
 .debug_aranges
                0x0000000000001ca0      0x120 ./USB_Device/Target/usbd_conf.o
 .debug_aranges
                0x0000000000001dc0       0x28 ./User/src/process.o

.debug_rnglists
                0x0000000000000000     0x17d8
 .debug_rnglists
                0x0000000000000000       0x13 ./Core/Src/dma.o
 .debug_rnglists
                0x0000000000000013       0x26 ./Core/Src/fdcan.o
 .debug_rnglists
                0x0000000000000039       0x14 ./Core/Src/gpio.o
 .debug_rnglists
                0x000000000000004d       0x20 ./Core/Src/i2c.o
 .debug_rnglists
                0x000000000000006d       0x20 ./Core/Src/main.o
 .debug_rnglists
                0x000000000000008d       0x1f ./Core/Src/spi.o
 .debug_rnglists
                0x00000000000000ac       0x13 ./Core/Src/stm32g0xx_hal_msp.o
 .debug_rnglists
                0x00000000000000bf       0x6d ./Core/Src/stm32g0xx_it.o
 .debug_rnglists
                0x000000000000012c       0x1a ./Core/Src/system_stm32g0xx.o
 .debug_rnglists
                0x0000000000000146       0x34 ./Core/Src/tim.o
 .debug_rnglists
                0x000000000000017a       0x33 ./Core/Src/usart.o
 .debug_rnglists
                0x00000000000001ad       0x19 ./Core/Startup/startup_stm32g0b1cbtx.o
 .debug_rnglists
                0x00000000000001c6       0xdf ./Drivers/STM32G0xx_HAL_Driver/Src/stm32g0xx_hal.o
 .debug_rnglists
                0x00000000000002a5       0x97 ./Drivers/STM32G0xx_HAL_Driver/Src/stm32g0xx_hal_cortex.o
 .debug_rnglists
                0x000000000000033c       0x6c ./Drivers/STM32G0xx_HAL_Driver/Src/stm32g0xx_hal_dma.o
 .debug_rnglists
                0x00000000000003a8      0x188 ./Drivers/STM32G0xx_HAL_Driver/Src/stm32g0xx_hal_fdcan.o
 .debug_rnglists
                0x0000000000000530       0x45 ./Drivers/STM32G0xx_HAL_Driver/Src/stm32g0xx_hal_gpio.o
 .debug_rnglists
                0x0000000000000575      0x21b ./Drivers/STM32G0xx_HAL_Driver/Src/stm32g0xx_hal_i2c.o
 .debug_rnglists
                0x0000000000000790       0x31 ./Drivers/STM32G0xx_HAL_Driver/Src/stm32g0xx_hal_i2c_ex.o
 .debug_rnglists
                0x00000000000007c1      0x12e ./Drivers/STM32G0xx_HAL_Driver/Src/stm32g0xx_hal_pcd.o
 .debug_rnglists
                0x00000000000008ef       0x3e ./Drivers/STM32G0xx_HAL_Driver/Src/stm32g0xx_hal_pcd_ex.o
 .debug_rnglists
                0x000000000000092d       0xdd ./Drivers/STM32G0xx_HAL_Driver/Src/stm32g0xx_hal_pwr_ex.o
 .debug_rnglists
                0x0000000000000a0a       0x86 ./Drivers/STM32G0xx_HAL_Driver/Src/stm32g0xx_hal_rcc.o
 .debug_rnglists
                0x0000000000000a90       0x73 ./Drivers/STM32G0xx_HAL_Driver/Src/stm32g0xx_hal_rcc_ex.o
 .debug_rnglists
                0x0000000000000b03      0x171 ./Drivers/STM32G0xx_HAL_Driver/Src/stm32g0xx_hal_spi.o
 .debug_rnglists
                0x0000000000000c74      0x312 ./Drivers/STM32G0xx_HAL_Driver/Src/stm32g0xx_hal_tim.o
 .debug_rnglists
                0x0000000000000f86      0x141 ./Drivers/STM32G0xx_HAL_Driver/Src/stm32g0xx_hal_tim_ex.o
 .debug_rnglists
                0x00000000000010c7      0x1cb ./Drivers/STM32G0xx_HAL_Driver/Src/stm32g0xx_hal_uart.o
 .debug_rnglists
                0x0000000000001292       0x7c ./Drivers/STM32G0xx_HAL_Driver/Src/stm32g0xx_hal_uart_ex.o
 .debug_rnglists
                0x000000000000130e      0x194 ./Drivers/STM32G0xx_HAL_Driver/Src/stm32g0xx_ll_usb.o
 .debug_rnglists
                0x00000000000014a2       0x87 ./Middlewares/ST/STM32_USB_Device_Library/Class/DFU/Src/usbd_dfu.o
 .debug_rnglists
                0x0000000000001529       0x9f ./Middlewares/ST/STM32_USB_Device_Library/Core/Src/usbd_core.o
 .debug_rnglists
                0x00000000000015c8       0x65 ./Middlewares/ST/STM32_USB_Device_Library/Core/Src/usbd_ctlreq.o
 .debug_rnglists
                0x000000000000162d       0x37 ./Middlewares/ST/STM32_USB_Device_Library/Core/Src/usbd_ioreq.o
 .debug_rnglists
                0x0000000000001664       0x13 ./USB_Device/App/usb_device.o
 .debug_rnglists
                0x0000000000001677       0x43 ./USB_Device/App/usbd_desc.o
 .debug_rnglists
                0x00000000000016ba       0x31 ./USB_Device/App/usbd_dfu_flash.o
 .debug_rnglists
                0x00000000000016eb       0xd4 ./USB_Device/Target/usbd_conf.o
 .debug_rnglists
                0x00000000000017bf       0x19 ./User/src/process.o

.debug_macro    0x0000000000000000    0x224de
 .debug_macro   0x0000000000000000      0x254 ./Core/Src/dma.o
 .debug_macro   0x0000000000000254      0xa7e ./Core/Src/dma.o
 .debug_macro   0x0000000000000cd2      0x142 ./Core/Src/dma.o
 .debug_macro   0x0000000000000e14       0x2e ./Core/Src/dma.o
 .debug_macro   0x0000000000000e42       0x28 ./Core/Src/dma.o
 .debug_macro   0x0000000000000e6a       0x22 ./Core/Src/dma.o
 .debug_macro   0x0000000000000e8c       0x8e ./Core/Src/dma.o
 .debug_macro   0x0000000000000f1a       0x51 ./Core/Src/dma.o
 .debug_macro   0x0000000000000f6b      0x103 ./Core/Src/dma.o
 .debug_macro   0x000000000000106e       0x6a ./Core/Src/dma.o
 .debug_macro   0x00000000000010d8      0x1df ./Core/Src/dma.o
 .debug_macro   0x00000000000012b7       0x1c ./Core/Src/dma.o
 .debug_macro   0x00000000000012d3       0x22 ./Core/Src/dma.o
 .debug_macro   0x00000000000012f5       0xd1 ./Core/Src/dma.o
 .debug_macro   0x00000000000013c6      0x4da ./Core/Src/dma.o
 .debug_macro   0x00000000000018a0      0x11f ./Core/Src/dma.o
 .debug_macro   0x00000000000019bf     0xf3bb ./Core/Src/dma.o
 .debug_macro   0x0000000000010d7a       0x66 ./Core/Src/dma.o
 .debug_macro   0x0000000000010de0     0x34fd ./Core/Src/dma.o
 .debug_macro   0x00000000000142dd      0x174 ./Core/Src/dma.o
 .debug_macro   0x0000000000014451       0x5c ./Core/Src/dma.o
 .debug_macro   0x00000000000144ad      0x72c ./Core/Src/dma.o
 .debug_macro   0x0000000000014bd9     0x1509 ./Core/Src/dma.o
 .debug_macro   0x00000000000160e2      0x535 ./Core/Src/dma.o
 .debug_macro   0x0000000000016617      0x1cf ./Core/Src/dma.o