../Drivers/STM32G0xx_HAL_Driver/Src/stm32g0xx_ll_usb.c:74:26:USB_CoreReset	0	static
../Drivers/STM32G0xx_HAL_Driver/Src/stm32g0xx_ll_usb.c:92:19:USB_CoreInit	8	static
../Drivers/STM32G0xx_HAL_Driver/Src/stm32g0xx_ll_usb.c:112:19:USB_EnableGlobalInt	0	static
../Drivers/STM32G0xx_HAL_Driver/Src/stm32g0xx_ll_usb.c:137:19:USB_DisableGlobalInt	0	static
../Drivers/STM32G0xx_HAL_Driver/Src/stm32g0xx_ll_usb.c:161:19:USB_SetCurrentMode	0	static
../Drivers/STM32G0xx_HAL_Driver/Src/stm32g0xx_ll_usb.c:183:19:USB_DevInit	8	static
../Drivers/STM32G0xx_HAL_Driver/Src/stm32g0xx_ll_usb.c:209:19:USB_ActivateEndpoint	20	static
../Drivers/STM32G0xx_HAL_Driver/Src/stm32g0xx_ll_usb.c:342:19:USB_DeactivateEndpoint	8	static
../Drivers/STM32G0xx_HAL_Driver/Src/stm32g0xx_ll_usb.c:621:19:USB_EPSetStall	0	static
../Drivers/STM32G0xx_HAL_Driver/Src/stm32g0xx_ll_usb.c:641:19:USB_EPClearStall	8	static
../Drivers/STM32G0xx_HAL_Driver/Src/stm32g0xx_ll_usb.c:673:19:USB_EPStopXfer	0	static
../Drivers/STM32G0xx_HAL_Driver/Src/stm32g0xx_ll_usb.c:718:19:USB_StopDevice	0	static
../Drivers/STM32G0xx_HAL_Driver/Src/stm32g0xx_ll_usb.c:739:20:USB_SetDevAddress	0	static
../Drivers/STM32G0xx_HAL_Driver/Src/stm32g0xx_ll_usb.c:755:20:USB_DevConnect	0	static
../Drivers/STM32G0xx_HAL_Driver/Src/stm32g0xx_ll_usb.c:768:20:USB_DevDisconnect	0	static
../Drivers/STM32G0xx_HAL_Driver/Src/stm32g0xx_ll_usb.c:781:10:USB_ReadInterrupts	0	static
../Drivers/STM32G0xx_HAL_Driver/Src/stm32g0xx_ll_usb.c:794:19:USB_ActivateRemoteWakeup	0	static
../Drivers/STM32G0xx_HAL_Driver/Src/stm32g0xx_ll_usb.c:806:19:USB_DeActivateRemoteWakeup	0	static
../Drivers/STM32G0xx_HAL_Driver/Src/stm32g0xx_ll_usb.c:821:6:USB_WritePMA	16	static
../Drivers/STM32G0xx_HAL_Driver/Src/stm32g0xx_ll_usb.c:401:19:USB_EPStartXfer	16	static
../Drivers/STM32G0xx_HAL_Driver/Src/stm32g0xx_ll_usb.c:1232:26:USB_HC_ISO_DB_StartXfer	16	static
../Drivers/STM32G0xx_HAL_Driver/Src/stm32g0xx_ll_usb.c:878:6:USB_ReadPMA	16	static
../Drivers/STM32G0xx_HAL_Driver/Src/stm32g0xx_ll_usb.c:938:19:USB_HostInit	0	static
../Drivers/STM32G0xx_HAL_Driver/Src/stm32g0xx_ll_usb.c:972:19:USB_ResetPort	16	static
../Drivers/STM32G0xx_HAL_Driver/Src/stm32g0xx_ll_usb.c:992:10:USB_GetHostSpeed	0	static
../Drivers/STM32G0xx_HAL_Driver/Src/stm32g0xx_ll_usb.c:1009:10:USB_GetCurrentFrame	0	static
../Drivers/STM32G0xx_HAL_Driver/Src/stm32g0xx_ll_usb.c:1021:19:USB_HC_DoubleBuffer	0	static
../Drivers/STM32G0xx_HAL_Driver/Src/stm32g0xx_ll_usb.c:1264:26:USB_HC_BULK_DB_StartXfer	32	static
../Drivers/STM32G0xx_HAL_Driver/Src/stm32g0xx_ll_usb.c:1064:19:USB_HC_Init	24	static
../Drivers/STM32G0xx_HAL_Driver/Src/stm32g0xx_ll_usb.c:1125:19:USB_HC_StartXfer	32	static
../Drivers/STM32G0xx_HAL_Driver/Src/stm32g0xx_ll_usb.c:1339:19:USB_HC_IN_Halt	0	static
../Drivers/STM32G0xx_HAL_Driver/Src/stm32g0xx_ll_usb.c:1355:19:USB_HC_OUT_Halt	0	static
../Drivers/STM32G0xx_HAL_Driver/Src/stm32g0xx_ll_usb.c:1368:19:USB_StopHost	0	static
