../USB_Device/Target/usbd_conf.c:736:20:USBD_Get_USB_Status	0	static
../USB_Device/Target/usbd_conf.c:69:6:HAL_PCD_MspInit	96	static
../USB_Device/Target/usbd_conf.c:111:6:HAL_PCD_MspDeInit	8	static
../USB_Device/Target/usbd_conf.c:138:6:HAL_PCD_SetupStageCallback	8	static
../USB_Device/Target/usbd_conf.c:159:6:HAL_PCD_DataOutStageCallback	8	static
../USB_Device/Target/usbd_conf.c:180:6:HAL_PCD_DataInStageCallback	8	static
../USB_Device/Target/usbd_conf.c:200:6:HAL_PCD_SOFCallback	8	static
../USB_Device/Target/usbd_conf.c:220:6:HAL_PCD_ResetCallback	16	static
../USB_Device/Target/usbd_conf.c:250:6:HAL_PCD_SuspendCallback	8	static
../USB_Device/Target/usbd_conf.c:281:6:HAL_PCD_ResumeCallback	8	static
../USB_Device/Target/usbd_conf.c:313:6:HAL_PCD_ISOOUTIncompleteCallback	8	static
../USB_Device/Target/usbd_conf.c:334:6:HAL_PCD_ISOINIncompleteCallback	8	static
../USB_Device/Target/usbd_conf.c:354:6:HAL_PCD_ConnectCallback	8	static
../USB_Device/Target/usbd_conf.c:374:6:HAL_PCD_DisconnectCallback	8	static
../USB_Device/Target/usbd_conf.c:399:20:USBD_LL_Init	16	static
../USB_Device/Target/usbd_conf.c:461:20:USBD_LL_DeInit	8	static
../USB_Device/Target/usbd_conf.c:478:20:USBD_LL_Start	8	static
../USB_Device/Target/usbd_conf.c:495:20:USBD_LL_Stop	8	static
../USB_Device/Target/usbd_conf.c:515:20:USBD_LL_OpenEP	8	static
../USB_Device/Target/usbd_conf.c:533:20:USBD_LL_CloseEP	8	static
../USB_Device/Target/usbd_conf.c:551:20:USBD_LL_FlushEP	8	static
../USB_Device/Target/usbd_conf.c:569:20:USBD_LL_StallEP	8	static
../USB_Device/Target/usbd_conf.c:587:20:USBD_LL_ClearStallEP	8	static
../USB_Device/Target/usbd_conf.c:605:9:USBD_LL_IsStallEP	0	static
../USB_Device/Target/usbd_conf.c:625:20:USBD_LL_SetUSBAddress	8	static
../USB_Device/Target/usbd_conf.c:645:20:USBD_LL_Transmit	8	static
../USB_Device/Target/usbd_conf.c:665:20:USBD_LL_PrepareReceive	8	static
../USB_Device/Target/usbd_conf.c:683:10:USBD_LL_GetRxDataSize	8	static
../USB_Device/Target/usbd_conf.c:693:7:USBD_static_malloc	0	static
../USB_Device/Target/usbd_conf.c:704:6:USBD_static_free	0	static
../USB_Device/Target/usbd_conf.c:714:6:USBD_LL_Delay	8	static
