../Drivers/STM32G0xx_HAL_Driver/Inc/stm32g0xx_hal_pcd.h:573:26:PCD_GET_EP_DBUF0_CNT.isra	8	static
../Drivers/STM32G0xx_HAL_Driver/Inc/stm32g0xx_hal_pcd.h:530:26:PCD_GET_EP_RX_CNT.isra	8	static
../Drivers/STM32G0xx_HAL_Driver/Src/stm32g0xx_hal_pcd.c:262:13:HAL_PCD_MspInit	0	static
../Drivers/STM32G0xx_HAL_Driver/Src/stm32g0xx_hal_pcd.c:124:19:HAL_PCD_Init	64	static
../Drivers/STM32G0xx_HAL_Driver/Src/stm32g0xx_hal_pcd.c:277:13:HAL_PCD_MspDeInit	0	static
../Drivers/STM32G0xx_HAL_Driver/Src/stm32g0xx_hal_pcd.c:223:19:HAL_PCD_DeInit	16	static
../Drivers/STM32G0xx_HAL_Driver/Src/stm32g0xx_hal_pcd.c:980:19:HAL_PCD_Start	16	static
../Drivers/STM32G0xx_HAL_Driver/Src/stm32g0xx_hal_pcd.c:995:19:HAL_PCD_Stop	16	static
../Drivers/STM32G0xx_HAL_Driver/Src/stm32g0xx_hal_pcd.c:1163:13:HAL_PCD_DataOutStageCallback	0	static
../Drivers/STM32G0xx_HAL_Driver/Src/stm32g0xx_hal_pcd.c:1180:13:HAL_PCD_DataInStageCallback	0	static
../Drivers/STM32G0xx_HAL_Driver/Src/stm32g0xx_hal_pcd.c:1195:13:HAL_PCD_SetupStageCallback	0	static
../Drivers/STM32G0xx_HAL_Driver/Src/stm32g0xx_hal_pcd.c:1210:13:HAL_PCD_SOFCallback	0	static
../Drivers/STM32G0xx_HAL_Driver/Src/stm32g0xx_hal_pcd.c:1225:13:HAL_PCD_ResetCallback	0	static
../Drivers/STM32G0xx_HAL_Driver/Src/stm32g0xx_hal_pcd.c:1240:13:HAL_PCD_SuspendCallback	0	static
../Drivers/STM32G0xx_HAL_Driver/Src/stm32g0xx_hal_pcd.c:1255:13:HAL_PCD_ResumeCallback	0	static
../Drivers/STM32G0xx_HAL_Driver/Src/stm32g0xx_hal_pcd.c:1271:13:HAL_PCD_ISOOUTIncompleteCallback	0	static
../Drivers/STM32G0xx_HAL_Driver/Src/stm32g0xx_hal_pcd.c:1288:13:HAL_PCD_ISOINIncompleteCallback	0	static
../Drivers/STM32G0xx_HAL_Driver/Src/stm32g0xx_hal_pcd.c:1304:13:HAL_PCD_ConnectCallback	0	static
../Drivers/STM32G0xx_HAL_Driver/Src/stm32g0xx_hal_pcd.c:1319:13:HAL_PCD_DisconnectCallback	0	static
../Drivers/STM32G0xx_HAL_Driver/Src/stm32g0xx_hal_pcd.c:1353:19:HAL_PCD_DevConnect	16	static
../Drivers/STM32G0xx_HAL_Driver/Src/stm32g0xx_hal_pcd.c:1367:19:HAL_PCD_DevDisconnect	16	static
../Drivers/STM32G0xx_HAL_Driver/Src/stm32g0xx_hal_pcd.c:1382:19:HAL_PCD_SetAddress	16	static
../Drivers/STM32G0xx_HAL_Driver/Src/stm32g0xx_hal_pcd.c:1011:6:HAL_PCD_IRQHandler	48	static
../Drivers/STM32G0xx_HAL_Driver/Src/stm32g0xx_hal_pcd.c:1399:19:HAL_PCD_EP_Open	16	static
../Drivers/STM32G0xx_HAL_Driver/Src/stm32g0xx_hal_pcd.c:1444:19:HAL_PCD_EP_Close	16	static
../Drivers/STM32G0xx_HAL_Driver/Src/stm32g0xx_hal_pcd.c:1475:19:HAL_PCD_EP_Receive	16	static
../Drivers/STM32G0xx_HAL_Driver/Src/stm32g0xx_hal_pcd.c:1506:10:HAL_PCD_EP_GetRxCount	0	static
../Drivers/STM32G0xx_HAL_Driver/Src/stm32g0xx_hal_pcd.c:1518:19:HAL_PCD_EP_Transmit	16	static
../Drivers/STM32G0xx_HAL_Driver/Src/stm32g0xx_hal_pcd.c:1551:19:HAL_PCD_EP_SetStall	16	static
../Drivers/STM32G0xx_HAL_Driver/Src/stm32g0xx_hal_pcd.c:1589:19:HAL_PCD_EP_ClrStall	16	static
../Drivers/STM32G0xx_HAL_Driver/Src/stm32g0xx_hal_pcd.c:1625:19:HAL_PCD_EP_Abort	8	static
../Drivers/STM32G0xx_HAL_Driver/Src/stm32g0xx_hal_pcd.c:1651:19:HAL_PCD_EP_Flush	0	static
../Drivers/STM32G0xx_HAL_Driver/Src/stm32g0xx_hal_pcd.c:1665:19:HAL_PCD_ActivateRemoteWakeup	8	static
../Drivers/STM32G0xx_HAL_Driver/Src/stm32g0xx_hal_pcd.c:1675:19:HAL_PCD_DeActivateRemoteWakeup	8	static
../Drivers/STM32G0xx_HAL_Driver/Src/stm32g0xx_hal_pcd.c:1704:18:HAL_PCD_GetState	0	static
