../Middlewares/ST/STM32_USB_Device_Library/Class/DFU/Src/usbd_dfu.c:495:17:USBD_DFU_GetCfgDesc	0	static
../Middlewares/ST/STM32_USB_Device_Library/Class/DFU/Src/usbd_dfu.c:509:16:USBD_DFU_EP0_RxReady	0	static
../Middlewares/ST/STM32_USB_Device_Library/Class/DFU/Src/usbd_dfu.c:628:16:USBD_DFU_SOF	0	static
../Middlewares/ST/STM32_USB_Device_Library/Class/DFU/Src/usbd_dfu.c:642:17:USBD_DFU_GetDeviceQualifierDesc	0	static
../Middlewares/ST/STM32_USB_Device_Library/Class/DFU/Src/usbd_dfu.c:997:13:DFU_ClearStatus	0	static
../Middlewares/ST/STM32_USB_Device_Library/Class/DFU/Src/usbd_dfu.c:1054:13:DFU_Abort	0	static
../Middlewares/ST/STM32_USB_Device_Library/Class/DFU/Src/usbd_dfu.c:659:17:USBD_DFU_GetUsrStringDesc	8	static
../Middlewares/ST/STM32_USB_Device_Library/Class/DFU/Src/usbd_dfu.c:1136:14:USBD_DFU_GetDfuFuncDesc	16	static
../Middlewares/ST/STM32_USB_Device_Library/Class/DFU/Src/usbd_dfu.c:1088:13:DFU_Leave	16	static,ignoring_inline_asm
../Middlewares/ST/STM32_USB_Device_Library/Class/DFU/Src/usbd_dfu.c:521:17:USBD_DFU_EP0_TxReady	16	static
../Middlewares/ST/STM32_USB_Device_Library/Class/DFU/Src/usbd_dfu.c:817:13:DFU_Upload	24	static
../Middlewares/ST/STM32_USB_Device_Library/Class/DFU/Src/usbd_dfu.c:915:13:DFU_GetStatus	16	static
../Middlewares/ST/STM32_USB_Device_Library/Class/DFU/Src/usbd_dfu.c:1035:13:DFU_GetState	8	static
../Middlewares/ST/STM32_USB_Device_Library/Class/DFU/Src/usbd_dfu.c:757:13:DFU_Download	8	static
../Middlewares/ST/STM32_USB_Device_Library/Class/DFU/Src/usbd_dfu.c:708:13:DFU_Detach	16	static
../Middlewares/ST/STM32_USB_Device_Library/Class/DFU/Src/usbd_dfu.c:350:16:USBD_DFU_Setup	32	static
../Middlewares/ST/STM32_USB_Device_Library/Class/DFU/Src/usbd_dfu.c:316:16:USBD_DFU_DeInit	16	static
../Middlewares/ST/STM32_USB_Device_Library/Class/DFU/Src/usbd_dfu.c:267:16:USBD_DFU_Init	16	static
../Middlewares/ST/STM32_USB_Device_Library/Class/DFU/Src/usbd_dfu.c:685:9:USBD_DFU_RegisterMedia	0	static
