../Core/Src/stm32g0xx_it.c:88:6:NMI_Handler	0	static
../Core/Src/stm32g0xx_it.c:103:6:HardFault_Handler	0	static
../Core/Src/stm32g0xx_it.c:118:6:SVC_Handler	0	static
../Core/Src/stm32g0xx_it.c:131:6:PendSV_Handler	0	static
../Core/Src/stm32g0xx_it.c:144:6:SysTick_Handler	8	static
../Core/Src/stm32g0xx_it.c:165:6:DMA1_Channel1_IRQHandler	8	static
../Core/Src/stm32g0xx_it.c:179:6:DMA1_Channel2_3_IRQHandler	8	static
../Core/Src/stm32g0xx_it.c:194:6:DMA1_Ch4_7_DMA2_Ch1_5_DMAMUX1_OVR_IRQHandler	8	static
../Core/Src/stm32g0xx_it.c:212:6:TIM14_IRQHandler	8	static
../Core/Src/stm32g0xx_it.c:226:6:TIM15_IRQHandler	8	static
../Core/Src/stm32g0xx_it.c:240:6:TIM16_FDCAN_IT0_IRQHandler	8	static
../Core/Src/stm32g0xx_it.c:256:6:TIM17_FDCAN_IT1_IRQHandler	8	static
../Core/Src/stm32g0xx_it.c:272:6:I2C2_3_IRQHandler	8	static
../Core/Src/stm32g0xx_it.c:290:6:SPI1_IRQHandler	8	static
../Core/Src/stm32g0xx_it.c:304:6:USART2_LPUART2_IRQHandler	8	static
../Core/Src/stm32g0xx_it.c:318:6:USART3_4_5_6_LPUART1_IRQHandler	8	static
